Aug 19 00:33:53 liar-virtual-machine kernel: [    0.000000] Linux version 5.11.0-27-generic (buildd@lcy01-amd64-019) (gcc (Ubuntu 9.3.0-17ubuntu1~20.04) 9.3.0, GNU ld (GNU Binutils for Ubuntu) 2.34) #29~20.04.1-Ubuntu SMP Wed Aug 11 15:58:17 UTC 2021 (Ubuntu 5.11.0-27.29~20.04.1-generic 5.11.22)
Aug 19 00:33:53 liar-virtual-machine kernel: [    0.000000] Command line: BOOT_IMAGE=/boot/vmlinuz-5.11.0-27-generic root=UUID=b3a08fdf-ca3a-4d9f-93df-cb5873bfc203 ro quiet splash
Aug 19 00:33:53 liar-virtual-machine kernel: [    0.000000] KERNEL supported cpus:
Aug 19 00:33:53 liar-virtual-machine kernel: [    0.000000]   Intel GenuineIntel
Aug 19 00:33:53 liar-virtual-machine kernel: [    0.000000]   AMD AuthenticAMD
Aug 19 00:33:53 liar-virtual-machine kernel: [    0.000000]   Hygon HygonGenuine
Aug 19 00:33:53 liar-virtual-machine kernel: [    0.000000]   Centaur CentaurHauls
Aug 19 00:33:53 liar-virtual-machine kernel: [    0.000000]   zhaoxin   Shanghai  
Aug 19 00:33:53 liar-virtual-machine kernel: [    0.000000] x86/fpu: Supporting XSAVE feature 0x001: 'x87 floating point registers'
Aug 19 00:33:53 liar-virtual-machine kernel: [    0.000000] x86/fpu: Supporting XSAVE feature 0x002: 'SSE registers'
Aug 19 00:33:53 liar-virtual-machine kernel: [    0.000000] x86/fpu: Supporting XSAVE feature 0x004: 'AVX registers'
Aug 19 00:33:53 liar-virtual-machine kernel: [    0.000000] x86/fpu: Supporting XSAVE feature 0x200: 'Protection Keys User registers'
Aug 19 00:33:53 liar-virtual-machine kernel: [    0.000000] x86/fpu: xstate_offset[2]:  576, xstate_sizes[2]:  256
Aug 19 00:33:53 liar-virtual-machine kernel: [    0.000000] x86/fpu: xstate_offset[9]:  832, xstate_sizes[9]:    8
Aug 19 00:33:53 liar-virtual-machine kernel: [    0.000000] x86/fpu: Enabled xstate features 0x207, context size is 840 bytes, using 'compacted' format.
Aug 19 00:33:53 liar-virtual-machine kernel: [    0.000000] BIOS-provided physical RAM map:
Aug 19 00:33:53 liar-virtual-machine kernel: [    0.000000] BIOS-e820: [mem 0x0000000000000000-0x000000000009e7ff] usable
Aug 19 00:33:53 liar-virtual-machine kernel: [    0.000000] BIOS-e820: [mem 0x000000000009e800-0x000000000009ffff] reserved
Aug 19 00:33:53 liar-virtual-machine kernel: [    0.000000] BIOS-e820: [mem 0x00000000000dc000-0x00000000000fffff] reserved
Aug 19 00:33:53 liar-virtual-machine kernel: [    0.000000] BIOS-e820: [mem 0x0000000000100000-0x00000000bfecffff] usable
Aug 19 00:33:53 liar-virtual-machine kernel: [    0.000000] BIOS-e820: [mem 0x00000000bfed0000-0x00000000bfefefff] ACPI data
Aug 19 00:33:53 liar-virtual-machine kernel: [    0.000000] BIOS-e820: [mem 0x00000000bfeff000-0x00000000bfefffff] ACPI NVS
Aug 19 00:33:53 liar-virtual-machine kernel: [    0.000000] BIOS-e820: [mem 0x00000000bff00000-0x00000000bfffffff] usable
Aug 19 00:33:53 liar-virtual-machine kernel: [    0.000000] BIOS-e820: [mem 0x00000000f0000000-0x00000000f7ffffff] reserved
Aug 19 00:33:53 liar-virtual-machine kernel: [    0.000000] BIOS-e820: [mem 0x00000000fec00000-0x00000000fec0ffff] reserved
Aug 19 00:33:53 liar-virtual-machine kernel: [    0.000000] BIOS-e820: [mem 0x00000000fee00000-0x00000000fee00fff] reserved
Aug 19 00:33:53 liar-virtual-machine kernel: [    0.000000] BIOS-e820: [mem 0x00000000fffe0000-0x00000000ffffffff] reserved
Aug 19 00:33:53 liar-virtual-machine kernel: [    0.000000] BIOS-e820: [mem 0x0000000100000000-0x000000013fffffff] usable
Aug 19 00:33:53 liar-virtual-machine kernel: [    0.000000] NX (Execute Disable) protection: active
Aug 19 00:33:53 liar-virtual-machine kernel: [    0.000000] SMBIOS 2.7 present.
Aug 19 00:33:53 liar-virtual-machine kernel: [    0.000000] DMI: VMware, Inc. VMware Virtual Platform/440BX Desktop Reference Platform, BIOS 6.00 07/22/2020
Aug 19 00:33:53 liar-virtual-machine kernel: [    0.000000] vmware: hypercall mode: 0x01
Aug 19 00:33:53 liar-virtual-machine kernel: [    0.000000] Hypervisor detected: VMware
Aug 19 00:33:53 liar-virtual-machine kernel: [    0.000000] vmware: TSC freq read from hypervisor : 3693.061 MHz
Aug 19 00:33:53 liar-virtual-machine kernel: [    0.000000] vmware: Host bus clock speed read from hypervisor : 66000000 Hz
Aug 19 00:33:53 liar-virtual-machine kernel: [    0.000000] vmware: using clock offset of 1816419914 ns
Aug 19 00:33:53 liar-virtual-machine kernel: [    0.000010] tsc: Detected 3693.061 MHz processor
Aug 19 00:33:53 liar-virtual-machine kernel: [    0.000984] e820: update [mem 0x00000000-0x00000fff] usable ==> reserved
Aug 19 00:33:53 liar-virtual-machine kernel: [    0.000986] e820: remove [mem 0x000a0000-0x000fffff] usable
Aug 19 00:33:53 liar-virtual-machine kernel: [    0.000990] last_pfn = 0x140000 max_arch_pfn = 0x400000000
Aug 19 00:33:53 liar-virtual-machine kernel: [    0.001002] MTRR default type: uncachable
Aug 19 00:33:53 liar-virtual-machine kernel: [    0.001003] MTRR fixed ranges enabled:
Aug 19 00:33:53 liar-virtual-machine kernel: [    0.001004]   00000-9FFFF write-back
Aug 19 00:33:53 liar-virtual-machine kernel: [    0.001005]   A0000-BFFFF uncachable
Aug 19 00:33:53 liar-virtual-machine kernel: [    0.001006]   C0000-CFFFF write-protect
Aug 19 00:33:53 liar-virtual-machine kernel: [    0.001006]   D0000-EFFFF uncachable
Aug 19 00:33:53 liar-virtual-machine kernel: [    0.001007]   F0000-FFFFF write-protect
Aug 19 00:33:53 liar-virtual-machine kernel: [    0.001007] MTRR variable ranges enabled:
Aug 19 00:33:53 liar-virtual-machine kernel: [    0.001008]   0 base 000000000000 mask 1FE000000000 write-back
Aug 19 00:33:53 liar-virtual-machine kernel: [    0.001009]   1 base 0000C0000000 mask 1FFFC0000000 uncachable
Aug 19 00:33:53 liar-virtual-machine kernel: [    0.001010]   2 disabled
Aug 19 00:33:53 liar-virtual-machine kernel: [    0.001011]   3 disabled
Aug 19 00:33:53 liar-virtual-machine kernel: [    0.001011]   4 disabled
Aug 19 00:33:53 liar-virtual-machine kernel: [    0.001012]   5 disabled
Aug 19 00:33:53 liar-virtual-machine kernel: [    0.001012]   6 disabled
Aug 19 00:33:53 liar-virtual-machine kernel: [    0.001013]   7 disabled
Aug 19 00:33:53 liar-virtual-machine kernel: [    0.001027] x86/PAT: Configuration [0-7]: WB  WC  UC- UC  WB  WP  UC- WT  
Aug 19 00:33:53 liar-virtual-machine kernel: [    0.001036] total RAM covered: 130048M
Aug 19 00:33:53 liar-virtual-machine kernel: [    0.001328] Found optimal setting for mtrr clean up
Aug 19 00:33:53 liar-virtual-machine kernel: [    0.001328]  gran_size: 64K 	chunk_size: 64K 	num_reg: 7  	lose cover RAM: 0G
Aug 19 00:33:53 liar-virtual-machine kernel: [    0.001361] e820: update [mem 0xc0000000-0xffffffff] usable ==> reserved
Aug 19 00:33:53 liar-virtual-machine kernel: [    0.001368] last_pfn = 0xc0000 max_arch_pfn = 0x400000000
Aug 19 00:33:53 liar-virtual-machine kernel: [    0.003407] found SMP MP-table at [mem 0x000f6a70-0x000f6a7f]
Aug 19 00:33:53 liar-virtual-machine kernel: [    0.003463] check: Scanning 1 areas for low memory corruption
Aug 19 00:33:53 liar-virtual-machine kernel: [    0.003478] Using GB pages for direct mapping
Aug 19 00:33:53 liar-virtual-machine kernel: [    0.003618] RAMDISK: [mem 0x31cfb000-0x34e74fff]
Aug 19 00:33:53 liar-virtual-machine kernel: [    0.003623] ACPI: Early table checksum verification disabled
Aug 19 00:33:53 liar-virtual-machine kernel: [    0.003625] ACPI: RSDP 0x00000000000F6A00 000024 (v02 PTLTD )
Aug 19 00:33:53 liar-virtual-machine kernel: [    0.003628] ACPI: XSDT 0x00000000BFEDC633 00005C (v01 INTEL  440BX    06040000 VMW  01324272)
Aug 19 00:33:53 liar-virtual-machine kernel: [    0.003631] ACPI: FACP 0x00000000BFEFEE73 0000F4 (v04 INTEL  440BX    06040000 PTL  000F4240)
Aug 19 00:33:53 liar-virtual-machine kernel: [    0.003635] ACPI: DSDT 0x00000000BFEDD9E8 02148B (v01 PTLTD  Custom   06040000 MSFT 03000001)
Aug 19 00:33:53 liar-virtual-machine kernel: [    0.003638] ACPI: FACS 0x00000000BFEFFFC0 000040
Aug 19 00:33:53 liar-virtual-machine kernel: [    0.003640] ACPI: FACS 0x00000000BFEFFFC0 000040
Aug 19 00:33:53 liar-virtual-machine kernel: [    0.003642] ACPI: BOOT 0x00000000BFEDD9C0 000028 (v01 PTLTD  $SBFTBL$ 06040000  LTP 00000001)
Aug 19 00:33:53 liar-virtual-machine kernel: [    0.003644] ACPI: APIC 0x00000000BFEDD27E 000742 (v01 PTLTD  ? APIC   06040000  LTP 00000000)
Aug 19 00:33:53 liar-virtual-machine kernel: [    0.003646] ACPI: MCFG 0x00000000BFEDD242 00003C (v01 PTLTD  $PCITBL$ 06040000  LTP 00000001)
Aug 19 00:33:53 liar-virtual-machine kernel: [    0.003648] ACPI: SRAT 0x00000000BFEDC72F 0008D0 (v02 VMWARE MEMPLUG  06040000 VMW  00000001)
Aug 19 00:33:53 liar-virtual-machine kernel: [    0.003650] ACPI: HPET 0x00000000BFEDC6F7 000038 (v01 VMWARE VMW HPET 06040000 VMW  00000001)
Aug 19 00:33:53 liar-virtual-machine kernel: [    0.003652] ACPI: WAET 0x00000000BFEDC6CF 000028 (v01 VMWARE VMW WAET 06040000 VMW  00000001)
Aug 19 00:33:53 liar-virtual-machine kernel: [    0.003653] ACPI: Reserving FACP table memory at [mem 0xbfefee73-0xbfefef66]
Aug 19 00:33:53 liar-virtual-machine kernel: [    0.003654] ACPI: Reserving DSDT table memory at [mem 0xbfedd9e8-0xbfefee72]
Aug 19 00:33:53 liar-virtual-machine kernel: [    0.003655] ACPI: Reserving FACS table memory at [mem 0xbfefffc0-0xbfefffff]
Aug 19 00:33:53 liar-virtual-machine kernel: [    0.003656] ACPI: Reserving FACS table memory at [mem 0xbfefffc0-0xbfefffff]
Aug 19 00:33:53 liar-virtual-machine kernel: [    0.003656] ACPI: Reserving BOOT table memory at [mem 0xbfedd9c0-0xbfedd9e7]
Aug 19 00:33:53 liar-virtual-machine kernel: [    0.003657] ACPI: Reserving APIC table memory at [mem 0xbfedd27e-0xbfedd9bf]
Aug 19 00:33:53 liar-virtual-machine kernel: [    0.003657] ACPI: Reserving MCFG table memory at [mem 0xbfedd242-0xbfedd27d]
Aug 19 00:33:53 liar-virtual-machine kernel: [    0.003658] ACPI: Reserving SRAT table memory at [mem 0xbfedc72f-0xbfedcffe]
Aug 19 00:33:53 liar-virtual-machine kernel: [    0.003659] ACPI: Reserving HPET table memory at [mem 0xbfedc6f7-0xbfedc72e]
Aug 19 00:33:53 liar-virtual-machine kernel: [    0.003659] ACPI: Reserving WAET table memory at [mem 0xbfedc6cf-0xbfedc6f6]
Aug 19 00:33:53 liar-virtual-machine kernel: [    0.003673] ACPI: Local APIC address 0xfee00000
Aug 19 00:33:53 liar-virtual-machine kernel: [    0.003675] system APIC only can use physical flat
Aug 19 00:33:53 liar-virtual-machine kernel: [    0.003676] Setting APIC routing to physical flat.
Aug 19 00:33:53 liar-virtual-machine kernel: [    0.003697] SRAT: PXM 0 -> APIC 0x00 -> Node 0
Aug 19 00:33:53 liar-virtual-machine kernel: [    0.003698] SRAT: PXM 0 -> APIC 0x02 -> Node 0
Aug 19 00:33:53 liar-virtual-machine kernel: [    0.003698] SRAT: PXM 0 -> APIC 0x04 -> Node 0
Aug 19 00:33:53 liar-virtual-machine kernel: [    0.003699] SRAT: PXM 0 -> APIC 0x06 -> Node 0
Aug 19 00:33:53 liar-virtual-machine kernel: [    0.003699] SRAT: PXM 0 -> APIC 0x08 -> Node 0
Aug 19 00:33:53 liar-virtual-machine kernel: [    0.003700] SRAT: PXM 0 -> APIC 0x0a -> Node 0
Aug 19 00:33:53 liar-virtual-machine kernel: [    0.003700] SRAT: PXM 0 -> APIC 0x0c -> Node 0
Aug 19 00:33:53 liar-virtual-machine kernel: [    0.003701] SRAT: PXM 0 -> APIC 0x0e -> Node 0
Aug 19 00:33:53 liar-virtual-machine kernel: [    0.003701] SRAT: PXM 0 -> APIC 0x10 -> Node 0
Aug 19 00:33:53 liar-virtual-machine kernel: [    0.003702] SRAT: PXM 0 -> APIC 0x12 -> Node 0
Aug 19 00:33:53 liar-virtual-machine kernel: [    0.003703] SRAT: PXM 0 -> APIC 0x14 -> Node 0
Aug 19 00:33:53 liar-virtual-machine kernel: [    0.003703] SRAT: PXM 0 -> APIC 0x16 -> Node 0
Aug 19 00:33:53 liar-virtual-machine kernel: [    0.003704] SRAT: PXM 0 -> APIC 0x18 -> Node 0
Aug 19 00:33:53 liar-virtual-machine kernel: [    0.003704] SRAT: PXM 0 -> APIC 0x1a -> Node 0
Aug 19 00:33:53 liar-virtual-machine kernel: [    0.003705] SRAT: PXM 0 -> APIC 0x1c -> Node 0
Aug 19 00:33:53 liar-virtual-machine kernel: [    0.003705] SRAT: PXM 0 -> APIC 0x1e -> Node 0
Aug 19 00:33:53 liar-virtual-machine kernel: [    0.003705] SRAT: PXM 0 -> APIC 0x20 -> Node 0
Aug 19 00:33:53 liar-virtual-machine kernel: [    0.003706] SRAT: PXM 0 -> APIC 0x22 -> Node 0
Aug 19 00:33:53 liar-virtual-machine kernel: [    0.003706] SRAT: PXM 0 -> APIC 0x24 -> Node 0
Aug 19 00:33:53 liar-virtual-machine kernel: [    0.003707] SRAT: PXM 0 -> APIC 0x26 -> Node 0
Aug 19 00:33:53 liar-virtual-machine kernel: [    0.003707] SRAT: PXM 0 -> APIC 0x28 -> Node 0
Aug 19 00:33:53 liar-virtual-machine kernel: [    0.003708] SRAT: PXM 0 -> APIC 0x2a -> Node 0
Aug 19 00:33:53 liar-virtual-machine kernel: [    0.003708] SRAT: PXM 0 -> APIC 0x2c -> Node 0
Aug 19 00:33:53 liar-virtual-machine kernel: [    0.003709] SRAT: PXM 0 -> APIC 0x2e -> Node 0
Aug 19 00:33:53 liar-virtual-machine kernel: [    0.003709] SRAT: PXM 0 -> APIC 0x30 -> Node 0
Aug 19 00:33:53 liar-virtual-machine kernel: [    0.003710] SRAT: PXM 0 -> APIC 0x32 -> Node 0
Aug 19 00:33:53 liar-virtual-machine kernel: [    0.003710] SRAT: PXM 0 -> APIC 0x34 -> Node 0
Aug 19 00:33:53 liar-virtual-machine kernel: [    0.003711] SRAT: PXM 0 -> APIC 0x36 -> Node 0
Aug 19 00:33:53 liar-virtual-machine kernel: [    0.003711] SRAT: PXM 0 -> APIC 0x38 -> Node 0
Aug 19 00:33:53 liar-virtual-machine kernel: [    0.003712] SRAT: PXM 0 -> APIC 0x3a -> Node 0
Aug 19 00:33:53 liar-virtual-machine kernel: [    0.003712] SRAT: PXM 0 -> APIC 0x3c -> Node 0
Aug 19 00:33:53 liar-virtual-machine kernel: [    0.003713] SRAT: PXM 0 -> APIC 0x3e -> Node 0
Aug 19 00:33:53 liar-virtual-machine kernel: [    0.003713] SRAT: PXM 0 -> APIC 0x40 -> Node 0
Aug 19 00:33:53 liar-virtual-machine kernel: [    0.003714] SRAT: PXM 0 -> APIC 0x42 -> Node 0
Aug 19 00:33:53 liar-virtual-machine kernel: [    0.003714] SRAT: PXM 0 -> APIC 0x44 -> Node 0
Aug 19 00:33:53 liar-virtual-machine kernel: [    0.003715] SRAT: PXM 0 -> APIC 0x46 -> Node 0
Aug 19 00:33:53 liar-virtual-machine kernel: [    0.003715] SRAT: PXM 0 -> APIC 0x48 -> Node 0
Aug 19 00:33:53 liar-virtual-machine kernel: [    0.003716] SRAT: PXM 0 -> APIC 0x4a -> Node 0
Aug 19 00:33:53 liar-virtual-machine kernel: [    0.003716] SRAT: PXM 0 -> APIC 0x4c -> Node 0
Aug 19 00:33:53 liar-virtual-machine kernel: [    0.003717] SRAT: PXM 0 -> APIC 0x4e -> Node 0
Aug 19 00:33:53 liar-virtual-machine kernel: [    0.003717] SRAT: PXM 0 -> APIC 0x50 -> Node 0
Aug 19 00:33:53 liar-virtual-machine kernel: [    0.003718] SRAT: PXM 0 -> APIC 0x52 -> Node 0
Aug 19 00:33:53 liar-virtual-machine kernel: [    0.003718] SRAT: PXM 0 -> APIC 0x54 -> Node 0
Aug 19 00:33:53 liar-virtual-machine kernel: [    0.003719] SRAT: PXM 0 -> APIC 0x56 -> Node 0
Aug 19 00:33:53 liar-virtual-machine kernel: [    0.003719] SRAT: PXM 0 -> APIC 0x58 -> Node 0
Aug 19 00:33:53 liar-virtual-machine kernel: [    0.003720] SRAT: PXM 0 -> APIC 0x5a -> Node 0
Aug 19 00:33:53 liar-virtual-machine kernel: [    0.003720] SRAT: PXM 0 -> APIC 0x5c -> Node 0
Aug 19 00:33:53 liar-virtual-machine kernel: [    0.003721] SRAT: PXM 0 -> APIC 0x5e -> Node 0
Aug 19 00:33:53 liar-virtual-machine kernel: [    0.003721] SRAT: PXM 0 -> APIC 0x60 -> Node 0
Aug 19 00:33:53 liar-virtual-machine kernel: [    0.003722] SRAT: PXM 0 -> APIC 0x62 -> Node 0
Aug 19 00:33:53 liar-virtual-machine kernel: [    0.003722] SRAT: PXM 0 -> APIC 0x64 -> Node 0
Aug 19 00:33:53 liar-virtual-machine kernel: [    0.003723] SRAT: PXM 0 -> APIC 0x66 -> Node 0
Aug 19 00:33:53 liar-virtual-machine kernel: [    0.003723] SRAT: PXM 0 -> APIC 0x68 -> Node 0
Aug 19 00:33:53 liar-virtual-machine kernel: [    0.003724] SRAT: PXM 0 -> APIC 0x6a -> Node 0
Aug 19 00:33:53 liar-virtual-machine kernel: [    0.003724] SRAT: PXM 0 -> APIC 0x6c -> Node 0
Aug 19 00:33:53 liar-virtual-machine kernel: [    0.003725] SRAT: PXM 0 -> APIC 0x6e -> Node 0
Aug 19 00:33:53 liar-virtual-machine kernel: [    0.003725] SRAT: PXM 0 -> APIC 0x70 -> Node 0
Aug 19 00:33:53 liar-virtual-machine kernel: [    0.003726] SRAT: PXM 0 -> APIC 0x72 -> Node 0
Aug 19 00:33:53 liar-virtual-machine kernel: [    0.003726] SRAT: PXM 0 -> APIC 0x74 -> Node 0
Aug 19 00:33:53 liar-virtual-machine kernel: [    0.003727] SRAT: PXM 0 -> APIC 0x76 -> Node 0
Aug 19 00:33:53 liar-virtual-machine kernel: [    0.003727] SRAT: PXM 0 -> APIC 0x78 -> Node 0
Aug 19 00:33:53 liar-virtual-machine kernel: [    0.003727] SRAT: PXM 0 -> APIC 0x7a -> Node 0
Aug 19 00:33:53 liar-virtual-machine kernel: [    0.003728] SRAT: PXM 0 -> APIC 0x7c -> Node 0
Aug 19 00:33:53 liar-virtual-machine kernel: [    0.003728] SRAT: PXM 0 -> APIC 0x7e -> Node 0
Aug 19 00:33:53 liar-virtual-machine kernel: [    0.003729] SRAT: PXM 0 -> APIC 0x80 -> Node 0
Aug 19 00:33:53 liar-virtual-machine kernel: [    0.003729] SRAT: PXM 0 -> APIC 0x82 -> Node 0
Aug 19 00:33:53 liar-virtual-machine kernel: [    0.003730] SRAT: PXM 0 -> APIC 0x84 -> Node 0
Aug 19 00:33:53 liar-virtual-machine kernel: [    0.003730] SRAT: PXM 0 -> APIC 0x86 -> Node 0
Aug 19 00:33:53 liar-virtual-machine kernel: [    0.003731] SRAT: PXM 0 -> APIC 0x88 -> Node 0
Aug 19 00:33:53 liar-virtual-machine kernel: [    0.003731] SRAT: PXM 0 -> APIC 0x8a -> Node 0
Aug 19 00:33:53 liar-virtual-machine kernel: [    0.003732] SRAT: PXM 0 -> APIC 0x8c -> Node 0
Aug 19 00:33:53 liar-virtual-machine kernel: [    0.003732] SRAT: PXM 0 -> APIC 0x8e -> Node 0
Aug 19 00:33:53 liar-virtual-machine kernel: [    0.003733] SRAT: PXM 0 -> APIC 0x90 -> Node 0
Aug 19 00:33:53 liar-virtual-machine kernel: [    0.003733] SRAT: PXM 0 -> APIC 0x92 -> Node 0
Aug 19 00:33:53 liar-virtual-machine kernel: [    0.003734] SRAT: PXM 0 -> APIC 0x94 -> Node 0
Aug 19 00:33:53 liar-virtual-machine kernel: [    0.003734] SRAT: PXM 0 -> APIC 0x96 -> Node 0
Aug 19 00:33:53 liar-virtual-machine kernel: [    0.003735] SRAT: PXM 0 -> APIC 0x98 -> Node 0
Aug 19 00:33:53 liar-virtual-machine kernel: [    0.003735] SRAT: PXM 0 -> APIC 0x9a -> Node 0
Aug 19 00:33:53 liar-virtual-machine kernel: [    0.003736] SRAT: PXM 0 -> APIC 0x9c -> Node 0
Aug 19 00:33:53 liar-virtual-machine kernel: [    0.003736] SRAT: PXM 0 -> APIC 0x9e -> Node 0
Aug 19 00:33:53 liar-virtual-machine kernel: [    0.003750] SRAT: PXM 0 -> APIC 0xa0 -> Node 0
Aug 19 00:33:53 liar-virtual-machine kernel: [    0.003750] SRAT: PXM 0 -> APIC 0xa2 -> Node 0
Aug 19 00:33:53 liar-virtual-machine kernel: [    0.003751] SRAT: PXM 0 -> APIC 0xa4 -> Node 0
Aug 19 00:33:53 liar-virtual-machine kernel: [    0.003751] SRAT: PXM 0 -> APIC 0xa6 -> Node 0
Aug 19 00:33:53 liar-virtual-machine kernel: [    0.003752] SRAT: PXM 0 -> APIC 0xa8 -> Node 0
Aug 19 00:33:53 liar-virtual-machine kernel: [    0.003752] SRAT: PXM 0 -> APIC 0xaa -> Node 0
Aug 19 00:33:53 liar-virtual-machine kernel: [    0.003753] SRAT: PXM 0 -> APIC 0xac -> Node 0
Aug 19 00:33:53 liar-virtual-machine kernel: [    0.003753] SRAT: PXM 0 -> APIC 0xae -> Node 0
Aug 19 00:33:53 liar-virtual-machine kernel: [    0.003754] SRAT: PXM 0 -> APIC 0xb0 -> Node 0
Aug 19 00:33:53 liar-virtual-machine kernel: [    0.003754] SRAT: PXM 0 -> APIC 0xb2 -> Node 0
Aug 19 00:33:53 liar-virtual-machine kernel: [    0.003755] SRAT: PXM 0 -> APIC 0xb4 -> Node 0
Aug 19 00:33:53 liar-virtual-machine kernel: [    0.003755] SRAT: PXM 0 -> APIC 0xb6 -> Node 0
Aug 19 00:33:53 liar-virtual-machine kernel: [    0.003756] SRAT: PXM 0 -> APIC 0xb8 -> Node 0
Aug 19 00:33:53 liar-virtual-machine kernel: [    0.003756] SRAT: PXM 0 -> APIC 0xba -> Node 0
Aug 19 00:33:53 liar-virtual-machine kernel: [    0.003757] SRAT: PXM 0 -> APIC 0xbc -> Node 0
Aug 19 00:33:53 liar-virtual-machine kernel: [    0.003757] SRAT: PXM 0 -> APIC 0xbe -> Node 0
Aug 19 00:33:53 liar-virtual-machine kernel: [    0.003758] SRAT: PXM 0 -> APIC 0xc0 -> Node 0
Aug 19 00:33:53 liar-virtual-machine kernel: [    0.003758] SRAT: PXM 0 -> APIC 0xc2 -> Node 0
Aug 19 00:33:53 liar-virtual-machine kernel: [    0.003759] SRAT: PXM 0 -> APIC 0xc4 -> Node 0
Aug 19 00:33:53 liar-virtual-machine kernel: [    0.003759] SRAT: PXM 0 -> APIC 0xc6 -> Node 0
Aug 19 00:33:53 liar-virtual-machine kernel: [    0.003760] SRAT: PXM 0 -> APIC 0xc8 -> Node 0
Aug 19 00:33:53 liar-virtual-machine kernel: [    0.003760] SRAT: PXM 0 -> APIC 0xca -> Node 0
Aug 19 00:33:53 liar-virtual-machine kernel: [    0.003761] SRAT: PXM 0 -> APIC 0xcc -> Node 0
Aug 19 00:33:53 liar-virtual-machine kernel: [    0.003761] SRAT: PXM 0 -> APIC 0xce -> Node 0
Aug 19 00:33:53 liar-virtual-machine kernel: [    0.003761] SRAT: PXM 0 -> APIC 0xd0 -> Node 0
Aug 19 00:33:53 liar-virtual-machine kernel: [    0.003762] SRAT: PXM 0 -> APIC 0xd2 -> Node 0
Aug 19 00:33:53 liar-virtual-machine kernel: [    0.003762] SRAT: PXM 0 -> APIC 0xd4 -> Node 0
Aug 19 00:33:53 liar-virtual-machine kernel: [    0.003763] SRAT: PXM 0 -> APIC 0xd6 -> Node 0
Aug 19 00:33:53 liar-virtual-machine kernel: [    0.003763] SRAT: PXM 0 -> APIC 0xd8 -> Node 0
Aug 19 00:33:53 liar-virtual-machine kernel: [    0.003764] SRAT: PXM 0 -> APIC 0xda -> Node 0
Aug 19 00:33:53 liar-virtual-machine kernel: [    0.003764] SRAT: PXM 0 -> APIC 0xdc -> Node 0
Aug 19 00:33:53 liar-virtual-machine kernel: [    0.003765] SRAT: PXM 0 -> APIC 0xde -> Node 0
Aug 19 00:33:53 liar-virtual-machine kernel: [    0.003765] SRAT: PXM 0 -> APIC 0xe0 -> Node 0
Aug 19 00:33:53 liar-virtual-machine kernel: [    0.003766] SRAT: PXM 0 -> APIC 0xe2 -> Node 0
Aug 19 00:33:53 liar-virtual-machine kernel: [    0.003766] SRAT: PXM 0 -> APIC 0xe4 -> Node 0
Aug 19 00:33:53 liar-virtual-machine kernel: [    0.003767] SRAT: PXM 0 -> APIC 0xe6 -> Node 0
Aug 19 00:33:53 liar-virtual-machine kernel: [    0.003767] SRAT: PXM 0 -> APIC 0xe8 -> Node 0
Aug 19 00:33:53 liar-virtual-machine kernel: [    0.003768] SRAT: PXM 0 -> APIC 0xea -> Node 0
Aug 19 00:33:53 liar-virtual-machine kernel: [    0.003768] SRAT: PXM 0 -> APIC 0xec -> Node 0
Aug 19 00:33:53 liar-virtual-machine kernel: [    0.003769] SRAT: PXM 0 -> APIC 0xee -> Node 0
Aug 19 00:33:53 liar-virtual-machine kernel: [    0.003769] SRAT: PXM 0 -> APIC 0xf0 -> Node 0
Aug 19 00:33:53 liar-virtual-machine kernel: [    0.003770] SRAT: PXM 0 -> APIC 0xf2 -> Node 0
Aug 19 00:33:53 liar-virtual-machine kernel: [    0.003770] SRAT: PXM 0 -> APIC 0xf4 -> Node 0
Aug 19 00:33:53 liar-virtual-machine kernel: [    0.003771] SRAT: PXM 0 -> APIC 0xf6 -> Node 0
Aug 19 00:33:53 liar-virtual-machine kernel: [    0.003771] SRAT: PXM 0 -> APIC 0xf8 -> Node 0
Aug 19 00:33:53 liar-virtual-machine kernel: [    0.003772] SRAT: PXM 0 -> APIC 0xfa -> Node 0
Aug 19 00:33:53 liar-virtual-machine kernel: [    0.003772] SRAT: PXM 0 -> APIC 0xfc -> Node 0
Aug 19 00:33:53 liar-virtual-machine kernel: [    0.003773] SRAT: PXM 0 -> APIC 0xfe -> Node 0
Aug 19 00:33:53 liar-virtual-machine kernel: [    0.003774] ACPI: SRAT: Node 0 PXM 0 [mem 0x00000000-0x0009ffff]
Aug 19 00:33:53 liar-virtual-machine kernel: [    0.003775] ACPI: SRAT: Node 0 PXM 0 [mem 0x00100000-0xbfffffff]
Aug 19 00:33:53 liar-virtual-machine kernel: [    0.003776] ACPI: SRAT: Node 0 PXM 0 [mem 0x100000000-0x13fffffff]
Aug 19 00:33:53 liar-virtual-machine kernel: [    0.003777] ACPI: SRAT: Node 0 PXM 0 [mem 0x140000000-0x103fffffff] hotplug
Aug 19 00:33:53 liar-virtual-machine kernel: [    0.003778] NUMA: Node 0 [mem 0x00000000-0x0009ffff] + [mem 0x00100000-0xbfffffff] -> [mem 0x00000000-0xbfffffff]
Aug 19 00:33:53 liar-virtual-machine kernel: [    0.003780] NUMA: Node 0 [mem 0x00000000-0xbfffffff] + [mem 0x100000000-0x13fffffff] -> [mem 0x00000000-0x13fffffff]
Aug 19 00:33:53 liar-virtual-machine kernel: [    0.003783] NODE_DATA(0) allocated [mem 0x13ffd6000-0x13fffffff]
Aug 19 00:33:53 liar-virtual-machine kernel: [    0.003940] Zone ranges:
Aug 19 00:33:53 liar-virtual-machine kernel: [    0.003941]   DMA      [mem 0x0000000000001000-0x0000000000ffffff]
Aug 19 00:33:53 liar-virtual-machine kernel: [    0.003942]   DMA32    [mem 0x0000000001000000-0x00000000ffffffff]
Aug 19 00:33:53 liar-virtual-machine kernel: [    0.003943]   Normal   [mem 0x0000000100000000-0x000000013fffffff]
Aug 19 00:33:53 liar-virtual-machine kernel: [    0.003944]   Device   empty
Aug 19 00:33:53 liar-virtual-machine kernel: [    0.003945] Movable zone start for each node
Aug 19 00:33:53 liar-virtual-machine kernel: [    0.003946] Early memory node ranges
Aug 19 00:33:53 liar-virtual-machine kernel: [    0.003947]   node   0: [mem 0x0000000000001000-0x000000000009dfff]
Aug 19 00:33:53 liar-virtual-machine kernel: [    0.003948]   node   0: [mem 0x0000000000100000-0x00000000bfecffff]
Aug 19 00:33:53 liar-virtual-machine kernel: [    0.003948]   node   0: [mem 0x00000000bff00000-0x00000000bfffffff]
Aug 19 00:33:53 liar-virtual-machine kernel: [    0.003949]   node   0: [mem 0x0000000100000000-0x000000013fffffff]
Aug 19 00:33:53 liar-virtual-machine kernel: [    0.003950] Initmem setup node 0 [mem 0x0000000000001000-0x000000013fffffff]
Aug 19 00:33:53 liar-virtual-machine kernel: [    0.003951] On node 0 totalpages: 1048429
Aug 19 00:33:53 liar-virtual-machine kernel: [    0.003952]   DMA zone: 64 pages used for memmap
Aug 19 00:33:53 liar-virtual-machine kernel: [    0.003952]   DMA zone: 21 pages reserved
Aug 19 00:33:53 liar-virtual-machine kernel: [    0.003953]   DMA zone: 3997 pages, LIFO batch:0
Aug 19 00:33:53 liar-virtual-machine kernel: [    0.004389]   DMA zone: 28771 pages in unavailable ranges
Aug 19 00:33:53 liar-virtual-machine kernel: [    0.004390]   DMA32 zone: 12224 pages used for memmap
Aug 19 00:33:53 liar-virtual-machine kernel: [    0.004390]   DMA32 zone: 782288 pages, LIFO batch:63
Aug 19 00:33:53 liar-virtual-machine kernel: [    0.013688]   DMA32 zone: 48 pages in unavailable ranges
Aug 19 00:33:53 liar-virtual-machine kernel: [    0.013692]   Normal zone: 4096 pages used for memmap
Aug 19 00:33:53 liar-virtual-machine kernel: [    0.013693]   Normal zone: 262144 pages, LIFO batch:63
Aug 19 00:33:53 liar-virtual-machine kernel: [    0.018904] ACPI: PM-Timer IO Port: 0x1008
Aug 19 00:33:53 liar-virtual-machine kernel: [    0.018905] ACPI: Local APIC address 0xfee00000
Aug 19 00:33:53 liar-virtual-machine kernel: [    0.018910] system APIC only can use physical flat
Aug 19 00:33:53 liar-virtual-machine kernel: [    0.018917] ACPI: LAPIC_NMI (acpi_id[0x00] high edge lint[0x1])
Aug 19 00:33:53 liar-virtual-machine kernel: [    0.018918] ACPI: LAPIC_NMI (acpi_id[0x01] high edge lint[0x1])
Aug 19 00:33:53 liar-virtual-machine kernel: [    0.018919] ACPI: LAPIC_NMI (acpi_id[0x02] high edge lint[0x1])
Aug 19 00:33:53 liar-virtual-machine kernel: [    0.018919] ACPI: LAPIC_NMI (acpi_id[0x03] high edge lint[0x1])
Aug 19 00:33:53 liar-virtual-machine kernel: [    0.018920] ACPI: LAPIC_NMI (acpi_id[0x04] high edge lint[0x1])
Aug 19 00:33:53 liar-virtual-machine kernel: [    0.018921] ACPI: LAPIC_NMI (acpi_id[0x05] high edge lint[0x1])
Aug 19 00:33:53 liar-virtual-machine kernel: [    0.018921] ACPI: LAPIC_NMI (acpi_id[0x06] high edge lint[0x1])
Aug 19 00:33:53 liar-virtual-machine kernel: [    0.018922] ACPI: LAPIC_NMI (acpi_id[0x07] high edge lint[0x1])
Aug 19 00:33:53 liar-virtual-machine kernel: [    0.018922] ACPI: LAPIC_NMI (acpi_id[0x08] high edge lint[0x1])
Aug 19 00:33:53 liar-virtual-machine kernel: [    0.018923] ACPI: LAPIC_NMI (acpi_id[0x09] high edge lint[0x1])
Aug 19 00:33:53 liar-virtual-machine kernel: [    0.018923] ACPI: LAPIC_NMI (acpi_id[0x0a] high edge lint[0x1])
Aug 19 00:33:53 liar-virtual-machine kernel: [    0.018924] ACPI: LAPIC_NMI (acpi_id[0x0b] high edge lint[0x1])
Aug 19 00:33:53 liar-virtual-machine kernel: [    0.018924] ACPI: LAPIC_NMI (acpi_id[0x0c] high edge lint[0x1])
Aug 19 00:33:53 liar-virtual-machine kernel: [    0.018925] ACPI: LAPIC_NMI (acpi_id[0x0d] high edge lint[0x1])
Aug 19 00:33:53 liar-virtual-machine kernel: [    0.018925] ACPI: LAPIC_NMI (acpi_id[0x0e] high edge lint[0x1])
Aug 19 00:33:53 liar-virtual-machine kernel: [    0.018926] ACPI: LAPIC_NMI (acpi_id[0x0f] high edge lint[0x1])
Aug 19 00:33:53 liar-virtual-machine kernel: [    0.018926] ACPI: LAPIC_NMI (acpi_id[0x10] high edge lint[0x1])
Aug 19 00:33:53 liar-virtual-machine kernel: [    0.018927] ACPI: LAPIC_NMI (acpi_id[0x11] high edge lint[0x1])
Aug 19 00:33:53 liar-virtual-machine kernel: [    0.018928] ACPI: LAPIC_NMI (acpi_id[0x12] high edge lint[0x1])
Aug 19 00:33:53 liar-virtual-machine kernel: [    0.018928] ACPI: LAPIC_NMI (acpi_id[0x13] high edge lint[0x1])
Aug 19 00:33:53 liar-virtual-machine kernel: [    0.018929] ACPI: LAPIC_NMI (acpi_id[0x14] high edge lint[0x1])
Aug 19 00:33:53 liar-virtual-machine kernel: [    0.018929] ACPI: LAPIC_NMI (acpi_id[0x15] high edge lint[0x1])
Aug 19 00:33:53 liar-virtual-machine kernel: [    0.018930] ACPI: LAPIC_NMI (acpi_id[0x16] high edge lint[0x1])
Aug 19 00:33:53 liar-virtual-machine kernel: [    0.018930] ACPI: LAPIC_NMI (acpi_id[0x17] high edge lint[0x1])
Aug 19 00:33:53 liar-virtual-machine kernel: [    0.018931] ACPI: LAPIC_NMI (acpi_id[0x18] high edge lint[0x1])
Aug 19 00:33:53 liar-virtual-machine kernel: [    0.018931] ACPI: LAPIC_NMI (acpi_id[0x19] high edge lint[0x1])
Aug 19 00:33:53 liar-virtual-machine kernel: [    0.018932] ACPI: LAPIC_NMI (acpi_id[0x1a] high edge lint[0x1])
Aug 19 00:33:53 liar-virtual-machine kernel: [    0.018933] ACPI: LAPIC_NMI (acpi_id[0x1b] high edge lint[0x1])
Aug 19 00:33:53 liar-virtual-machine kernel: [    0.018933] ACPI: LAPIC_NMI (acpi_id[0x1c] high edge lint[0x1])
Aug 19 00:33:53 liar-virtual-machine kernel: [    0.018934] ACPI: LAPIC_NMI (acpi_id[0x1d] high edge lint[0x1])
Aug 19 00:33:53 liar-virtual-machine kernel: [    0.018934] ACPI: LAPIC_NMI (acpi_id[0x1e] high edge lint[0x1])
Aug 19 00:33:53 liar-virtual-machine kernel: [    0.018935] ACPI: LAPIC_NMI (acpi_id[0x1f] high edge lint[0x1])
Aug 19 00:33:53 liar-virtual-machine kernel: [    0.018935] ACPI: LAPIC_NMI (acpi_id[0x20] high edge lint[0x1])
Aug 19 00:33:53 liar-virtual-machine kernel: [    0.018936] ACPI: LAPIC_NMI (acpi_id[0x21] high edge lint[0x1])
Aug 19 00:33:53 liar-virtual-machine kernel: [    0.018936] ACPI: LAPIC_NMI (acpi_id[0x22] high edge lint[0x1])
Aug 19 00:33:53 liar-virtual-machine kernel: [    0.018937] ACPI: LAPIC_NMI (acpi_id[0x23] high edge lint[0x1])
Aug 19 00:33:53 liar-virtual-machine kernel: [    0.018938] ACPI: LAPIC_NMI (acpi_id[0x24] high edge lint[0x1])
Aug 19 00:33:53 liar-virtual-machine kernel: [    0.018938] ACPI: LAPIC_NMI (acpi_id[0x25] high edge lint[0x1])
Aug 19 00:33:53 liar-virtual-machine kernel: [    0.018939] ACPI: LAPIC_NMI (acpi_id[0x26] high edge lint[0x1])
Aug 19 00:33:53 liar-virtual-machine kernel: [    0.018939] ACPI: LAPIC_NMI (acpi_id[0x27] high edge lint[0x1])
Aug 19 00:33:53 liar-virtual-machine kernel: [    0.018940] ACPI: LAPIC_NMI (acpi_id[0x28] high edge lint[0x1])
Aug 19 00:33:53 liar-virtual-machine kernel: [    0.018940] ACPI: LAPIC_NMI (acpi_id[0x29] high edge lint[0x1])
Aug 19 00:33:53 liar-virtual-machine kernel: [    0.018941] ACPI: LAPIC_NMI (acpi_id[0x2a] high edge lint[0x1])
Aug 19 00:33:53 liar-virtual-machine kernel: [    0.018941] ACPI: LAPIC_NMI (acpi_id[0x2b] high edge lint[0x1])
Aug 19 00:33:53 liar-virtual-machine kernel: [    0.018942] ACPI: LAPIC_NMI (acpi_id[0x2c] high edge lint[0x1])
Aug 19 00:33:53 liar-virtual-machine kernel: [    0.018943] ACPI: LAPIC_NMI (acpi_id[0x2d] high edge lint[0x1])
Aug 19 00:33:53 liar-virtual-machine kernel: [    0.018943] ACPI: LAPIC_NMI (acpi_id[0x2e] high edge lint[0x1])
Aug 19 00:33:53 liar-virtual-machine kernel: [    0.018944] ACPI: LAPIC_NMI (acpi_id[0x2f] high edge lint[0x1])
Aug 19 00:33:53 liar-virtual-machine kernel: [    0.018944] ACPI: LAPIC_NMI (acpi_id[0x30] high edge lint[0x1])
Aug 19 00:33:53 liar-virtual-machine kernel: [    0.018945] ACPI: LAPIC_NMI (acpi_id[0x31] high edge lint[0x1])
Aug 19 00:33:53 liar-virtual-machine kernel: [    0.018945] ACPI: LAPIC_NMI (acpi_id[0x32] high edge lint[0x1])
Aug 19 00:33:53 liar-virtual-machine kernel: [    0.018946] ACPI: LAPIC_NMI (acpi_id[0x33] high edge lint[0x1])
Aug 19 00:33:53 liar-virtual-machine kernel: [    0.018946] ACPI: LAPIC_NMI (acpi_id[0x34] high edge lint[0x1])
Aug 19 00:33:53 liar-virtual-machine kernel: [    0.018947] ACPI: LAPIC_NMI (acpi_id[0x35] high edge lint[0x1])
Aug 19 00:33:53 liar-virtual-machine kernel: [    0.018947] ACPI: LAPIC_NMI (acpi_id[0x36] high edge lint[0x1])
Aug 19 00:33:53 liar-virtual-machine kernel: [    0.018948] ACPI: LAPIC_NMI (acpi_id[0x37] high edge lint[0x1])
Aug 19 00:33:53 liar-virtual-machine kernel: [    0.018948] ACPI: LAPIC_NMI (acpi_id[0x38] high edge lint[0x1])
Aug 19 00:33:53 liar-virtual-machine kernel: [    0.018949] ACPI: LAPIC_NMI (acpi_id[0x39] high edge lint[0x1])
Aug 19 00:33:53 liar-virtual-machine kernel: [    0.018950] ACPI: LAPIC_NMI (acpi_id[0x3a] high edge lint[0x1])
Aug 19 00:33:53 liar-virtual-machine kernel: [    0.018950] ACPI: LAPIC_NMI (acpi_id[0x3b] high edge lint[0x1])
Aug 19 00:33:53 liar-virtual-machine kernel: [    0.018951] ACPI: LAPIC_NMI (acpi_id[0x3c] high edge lint[0x1])
Aug 19 00:33:53 liar-virtual-machine kernel: [    0.018951] ACPI: LAPIC_NMI (acpi_id[0x3d] high edge lint[0x1])
Aug 19 00:33:53 liar-virtual-machine kernel: [    0.018952] ACPI: LAPIC_NMI (acpi_id[0x3e] high edge lint[0x1])
Aug 19 00:33:53 liar-virtual-machine kernel: [    0.018952] ACPI: LAPIC_NMI (acpi_id[0x3f] high edge lint[0x1])
Aug 19 00:33:53 liar-virtual-machine kernel: [    0.018953] ACPI: LAPIC_NMI (acpi_id[0x40] high edge lint[0x1])
Aug 19 00:33:53 liar-virtual-machine kernel: [    0.018953] ACPI: LAPIC_NMI (acpi_id[0x41] high edge lint[0x1])
Aug 19 00:33:53 liar-virtual-machine kernel: [    0.018954] ACPI: LAPIC_NMI (acpi_id[0x42] high edge lint[0x1])
Aug 19 00:33:53 liar-virtual-machine kernel: [    0.018955] ACPI: LAPIC_NMI (acpi_id[0x43] high edge lint[0x1])
Aug 19 00:33:53 liar-virtual-machine kernel: [    0.018955] ACPI: LAPIC_NMI (acpi_id[0x44] high edge lint[0x1])
Aug 19 00:33:53 liar-virtual-machine kernel: [    0.018956] ACPI: LAPIC_NMI (acpi_id[0x45] high edge lint[0x1])
Aug 19 00:33:53 liar-virtual-machine kernel: [    0.018956] ACPI: LAPIC_NMI (acpi_id[0x46] high edge lint[0x1])
Aug 19 00:33:53 liar-virtual-machine kernel: [    0.018957] ACPI: LAPIC_NMI (acpi_id[0x47] high edge lint[0x1])
Aug 19 00:33:53 liar-virtual-machine kernel: [    0.018957] ACPI: LAPIC_NMI (acpi_id[0x48] high edge lint[0x1])
Aug 19 00:33:53 liar-virtual-machine kernel: [    0.018958] ACPI: LAPIC_NMI (acpi_id[0x49] high edge lint[0x1])
Aug 19 00:33:53 liar-virtual-machine kernel: [    0.018958] ACPI: LAPIC_NMI (acpi_id[0x4a] high edge lint[0x1])
Aug 19 00:33:53 liar-virtual-machine kernel: [    0.018959] ACPI: LAPIC_NMI (acpi_id[0x4b] high edge lint[0x1])
Aug 19 00:33:53 liar-virtual-machine kernel: [    0.018960] ACPI: LAPIC_NMI (acpi_id[0x4c] high edge lint[0x1])
Aug 19 00:33:53 liar-virtual-machine kernel: [    0.018960] ACPI: LAPIC_NMI (acpi_id[0x4d] high edge lint[0x1])
Aug 19 00:33:53 liar-virtual-machine kernel: [    0.018961] ACPI: LAPIC_NMI (acpi_id[0x4e] high edge lint[0x1])
Aug 19 00:33:53 liar-virtual-machine kernel: [    0.018961] ACPI: LAPIC_NMI (acpi_id[0x4f] high edge lint[0x1])
Aug 19 00:33:53 liar-virtual-machine kernel: [    0.018962] ACPI: LAPIC_NMI (acpi_id[0x50] high edge lint[0x1])
Aug 19 00:33:53 liar-virtual-machine kernel: [    0.018962] ACPI: LAPIC_NMI (acpi_id[0x51] high edge lint[0x1])
Aug 19 00:33:53 liar-virtual-machine kernel: [    0.018963] ACPI: LAPIC_NMI (acpi_id[0x52] high edge lint[0x1])
Aug 19 00:33:53 liar-virtual-machine kernel: [    0.018963] ACPI: LAPIC_NMI (acpi_id[0x53] high edge lint[0x1])
Aug 19 00:33:53 liar-virtual-machine kernel: [    0.018964] ACPI: LAPIC_NMI (acpi_id[0x54] high edge lint[0x1])
Aug 19 00:33:53 liar-virtual-machine kernel: [    0.018964] ACPI: LAPIC_NMI (acpi_id[0x55] high edge lint[0x1])
Aug 19 00:33:53 liar-virtual-machine kernel: [    0.018965] ACPI: LAPIC_NMI (acpi_id[0x56] high edge lint[0x1])
Aug 19 00:33:53 liar-virtual-machine kernel: [    0.018965] ACPI: LAPIC_NMI (acpi_id[0x57] high edge lint[0x1])
Aug 19 00:33:53 liar-virtual-machine kernel: [    0.018966] ACPI: LAPIC_NMI (acpi_id[0x58] high edge lint[0x1])
Aug 19 00:33:53 liar-virtual-machine kernel: [    0.018967] ACPI: LAPIC_NMI (acpi_id[0x59] high edge lint[0x1])
Aug 19 00:33:53 liar-virtual-machine kernel: [    0.018967] ACPI: LAPIC_NMI (acpi_id[0x5a] high edge lint[0x1])
Aug 19 00:33:53 liar-virtual-machine kernel: [    0.018968] ACPI: LAPIC_NMI (acpi_id[0x5b] high edge lint[0x1])
Aug 19 00:33:53 liar-virtual-machine kernel: [    0.018968] ACPI: LAPIC_NMI (acpi_id[0x5c] high edge lint[0x1])
Aug 19 00:33:53 liar-virtual-machine kernel: [    0.018969] ACPI: LAPIC_NMI (acpi_id[0x5d] high edge lint[0x1])
Aug 19 00:33:53 liar-virtual-machine kernel: [    0.018969] ACPI: LAPIC_NMI (acpi_id[0x5e] high edge lint[0x1])
Aug 19 00:33:53 liar-virtual-machine kernel: [    0.018970] ACPI: LAPIC_NMI (acpi_id[0x5f] high edge lint[0x1])
Aug 19 00:33:53 liar-virtual-machine kernel: [    0.018970] ACPI: LAPIC_NMI (acpi_id[0x60] high edge lint[0x1])
Aug 19 00:33:53 liar-virtual-machine kernel: [    0.018971] ACPI: LAPIC_NMI (acpi_id[0x61] high edge lint[0x1])
Aug 19 00:33:53 liar-virtual-machine kernel: [    0.018972] ACPI: LAPIC_NMI (acpi_id[0x62] high edge lint[0x1])
Aug 19 00:33:53 liar-virtual-machine kernel: [    0.018972] ACPI: LAPIC_NMI (acpi_id[0x63] high edge lint[0x1])
Aug 19 00:33:53 liar-virtual-machine kernel: [    0.018973] ACPI: LAPIC_NMI (acpi_id[0x64] high edge lint[0x1])
Aug 19 00:33:53 liar-virtual-machine kernel: [    0.018973] ACPI: LAPIC_NMI (acpi_id[0x65] high edge lint[0x1])
Aug 19 00:33:53 liar-virtual-machine kernel: [    0.018974] ACPI: LAPIC_NMI (acpi_id[0x66] high edge lint[0x1])
Aug 19 00:33:53 liar-virtual-machine kernel: [    0.018974] ACPI: LAPIC_NMI (acpi_id[0x67] high edge lint[0x1])
Aug 19 00:33:53 liar-virtual-machine kernel: [    0.018975] ACPI: LAPIC_NMI (acpi_id[0x68] high edge lint[0x1])
Aug 19 00:33:53 liar-virtual-machine kernel: [    0.018975] ACPI: LAPIC_NMI (acpi_id[0x69] high edge lint[0x1])
Aug 19 00:33:53 liar-virtual-machine kernel: [    0.018976] ACPI: LAPIC_NMI (acpi_id[0x6a] high edge lint[0x1])
Aug 19 00:33:53 liar-virtual-machine kernel: [    0.018976] ACPI: LAPIC_NMI (acpi_id[0x6b] high edge lint[0x1])
Aug 19 00:33:53 liar-virtual-machine kernel: [    0.018977] ACPI: LAPIC_NMI (acpi_id[0x6c] high edge lint[0x1])
Aug 19 00:33:53 liar-virtual-machine kernel: [    0.018978] ACPI: LAPIC_NMI (acpi_id[0x6d] high edge lint[0x1])
Aug 19 00:33:53 liar-virtual-machine kernel: [    0.018978] ACPI: LAPIC_NMI (acpi_id[0x6e] high edge lint[0x1])
Aug 19 00:33:53 liar-virtual-machine kernel: [    0.018979] ACPI: LAPIC_NMI (acpi_id[0x6f] high edge lint[0x1])
Aug 19 00:33:53 liar-virtual-machine kernel: [    0.018979] ACPI: LAPIC_NMI (acpi_id[0x70] high edge lint[0x1])
Aug 19 00:33:53 liar-virtual-machine kernel: [    0.018980] ACPI: LAPIC_NMI (acpi_id[0x71] high edge lint[0x1])
Aug 19 00:33:53 liar-virtual-machine kernel: [    0.018980] ACPI: LAPIC_NMI (acpi_id[0x72] high edge lint[0x1])
Aug 19 00:33:53 liar-virtual-machine kernel: [    0.018981] ACPI: LAPIC_NMI (acpi_id[0x73] high edge lint[0x1])
Aug 19 00:33:53 liar-virtual-machine kernel: [    0.018981] ACPI: LAPIC_NMI (acpi_id[0x74] high edge lint[0x1])
Aug 19 00:33:53 liar-virtual-machine kernel: [    0.018982] ACPI: LAPIC_NMI (acpi_id[0x75] high edge lint[0x1])
Aug 19 00:33:53 liar-virtual-machine kernel: [    0.018982] ACPI: LAPIC_NMI (acpi_id[0x76] high edge lint[0x1])
Aug 19 00:33:53 liar-virtual-machine kernel: [    0.018983] ACPI: LAPIC_NMI (acpi_id[0x77] high edge lint[0x1])
Aug 19 00:33:53 liar-virtual-machine kernel: [    0.018983] ACPI: LAPIC_NMI (acpi_id[0x78] high edge lint[0x1])
Aug 19 00:33:53 liar-virtual-machine kernel: [    0.018984] ACPI: LAPIC_NMI (acpi_id[0x79] high edge lint[0x1])
Aug 19 00:33:53 liar-virtual-machine kernel: [    0.018985] ACPI: LAPIC_NMI (acpi_id[0x7a] high edge lint[0x1])
Aug 19 00:33:53 liar-virtual-machine kernel: [    0.018985] ACPI: LAPIC_NMI (acpi_id[0x7b] high edge lint[0x1])
Aug 19 00:33:53 liar-virtual-machine kernel: [    0.018986] ACPI: LAPIC_NMI (acpi_id[0x7c] high edge lint[0x1])
Aug 19 00:33:53 liar-virtual-machine kernel: [    0.018986] ACPI: LAPIC_NMI (acpi_id[0x7d] high edge lint[0x1])
Aug 19 00:33:53 liar-virtual-machine kernel: [    0.018987] ACPI: LAPIC_NMI (acpi_id[0x7e] high edge lint[0x1])
Aug 19 00:33:53 liar-virtual-machine kernel: [    0.018987] ACPI: LAPIC_NMI (acpi_id[0x7f] high edge lint[0x1])
Aug 19 00:33:53 liar-virtual-machine kernel: [    0.019010] IOAPIC[0]: apic_id 1, version 32, address 0xfec00000, GSI 0-23
Aug 19 00:33:53 liar-virtual-machine kernel: [    0.019013] ACPI: INT_SRC_OVR (bus 0 bus_irq 0 global_irq 2 high edge)
Aug 19 00:33:53 liar-virtual-machine kernel: [    0.019015] ACPI: IRQ0 used by override.
Aug 19 00:33:53 liar-virtual-machine kernel: [    0.019016] ACPI: IRQ9 used by override.
Aug 19 00:33:53 liar-virtual-machine kernel: [    0.019017] Using ACPI (MADT) for SMP configuration information
Aug 19 00:33:53 liar-virtual-machine kernel: [    0.019018] ACPI: HPET id: 0x8086af01 base: 0xfed00000
Aug 19 00:33:53 liar-virtual-machine kernel: [    0.019026] smpboot: Allowing 128 CPUs, 126 hotplug CPUs
Aug 19 00:33:53 liar-virtual-machine kernel: [    0.019036] PM: hibernation: Registered nosave memory: [mem 0x00000000-0x00000fff]
Aug 19 00:33:53 liar-virtual-machine kernel: [    0.019038] PM: hibernation: Registered nosave memory: [mem 0x0009e000-0x0009efff]
Aug 19 00:33:53 liar-virtual-machine kernel: [    0.019038] PM: hibernation: Registered nosave memory: [mem 0x0009f000-0x0009ffff]
Aug 19 00:33:53 liar-virtual-machine kernel: [    0.019039] PM: hibernation: Registered nosave memory: [mem 0x000a0000-0x000dbfff]
Aug 19 00:33:53 liar-virtual-machine kernel: [    0.019039] PM: hibernation: Registered nosave memory: [mem 0x000dc000-0x000fffff]
Aug 19 00:33:53 liar-virtual-machine kernel: [    0.019040] PM: hibernation: Registered nosave memory: [mem 0xbfed0000-0xbfefefff]
Aug 19 00:33:53 liar-virtual-machine kernel: [    0.019041] PM: hibernation: Registered nosave memory: [mem 0xbfeff000-0xbfefffff]
Aug 19 00:33:53 liar-virtual-machine kernel: [    0.019043] PM: hibernation: Registered nosave memory: [mem 0xc0000000-0xefffffff]
Aug 19 00:33:53 liar-virtual-machine kernel: [    0.019043] PM: hibernation: Registered nosave memory: [mem 0xf0000000-0xf7ffffff]
Aug 19 00:33:53 liar-virtual-machine kernel: [    0.019044] PM: hibernation: Registered nosave memory: [mem 0xf8000000-0xfebfffff]
Aug 19 00:33:53 liar-virtual-machine kernel: [    0.019044] PM: hibernation: Registered nosave memory: [mem 0xfec00000-0xfec0ffff]
Aug 19 00:33:53 liar-virtual-machine kernel: [    0.019045] PM: hibernation: Registered nosave memory: [mem 0xfec10000-0xfedfffff]
Aug 19 00:33:53 liar-virtual-machine kernel: [    0.019045] PM: hibernation: Registered nosave memory: [mem 0xfee00000-0xfee00fff]
Aug 19 00:33:53 liar-virtual-machine kernel: [    0.019046] PM: hibernation: Registered nosave memory: [mem 0xfee01000-0xfffdffff]
Aug 19 00:33:53 liar-virtual-machine kernel: [    0.019046] PM: hibernation: Registered nosave memory: [mem 0xfffe0000-0xffffffff]
Aug 19 00:33:53 liar-virtual-machine kernel: [    0.019048] [mem 0xc0000000-0xefffffff] available for PCI devices
Aug 19 00:33:53 liar-virtual-machine kernel: [    0.019049] Booting paravirtualized kernel on VMware hypervisor
Aug 19 00:33:53 liar-virtual-machine kernel: [    0.019051] clocksource: refined-jiffies: mask: 0xffffffff max_cycles: 0xffffffff, max_idle_ns: 7645519600211568 ns
Aug 19 00:33:53 liar-virtual-machine kernel: [    0.019056] setup_percpu: NR_CPUS:8192 nr_cpumask_bits:128 nr_cpu_ids:128 nr_node_ids:1
Aug 19 00:33:53 liar-virtual-machine kernel: [    0.029154] percpu: Embedded 56 pages/cpu s192512 r8192 d28672 u262144
Aug 19 00:33:53 liar-virtual-machine kernel: [    0.029160] pcpu-alloc: s192512 r8192 d28672 u262144 alloc=1*2097152
Aug 19 00:33:53 liar-virtual-machine kernel: [    0.029162] pcpu-alloc: [0] 000 001 002 003 004 005 006 007 
Aug 19 00:33:53 liar-virtual-machine kernel: [    0.029166] pcpu-alloc: [0] 008 009 010 011 012 013 014 015 
Aug 19 00:33:53 liar-virtual-machine kernel: [    0.029171] pcpu-alloc: [0] 016 017 018 019 020 021 022 023 
Aug 19 00:33:53 liar-virtual-machine kernel: [    0.029175] pcpu-alloc: [0] 024 025 026 027 028 029 030 031 
Aug 19 00:33:53 liar-virtual-machine kernel: [    0.029179] pcpu-alloc: [0] 032 033 034 035 036 037 038 039 
Aug 19 00:33:53 liar-virtual-machine kernel: [    0.029183] pcpu-alloc: [0] 040 041 042 043 044 045 046 047 
Aug 19 00:33:53 liar-virtual-machine kernel: [    0.029186] pcpu-alloc: [0] 048 049 050 051 052 053 054 055 
Aug 19 00:33:53 liar-virtual-machine kernel: [    0.029190] pcpu-alloc: [0] 056 057 058 059 060 061 062 063 
Aug 19 00:33:53 liar-virtual-machine kernel: [    0.029194] pcpu-alloc: [0] 064 065 066 067 068 069 070 071 
Aug 19 00:33:53 liar-virtual-machine kernel: [    0.029198] pcpu-alloc: [0] 072 073 074 075 076 077 078 079 
Aug 19 00:33:53 liar-virtual-machine kernel: [    0.029202] pcpu-alloc: [0] 080 081 082 083 084 085 086 087 
Aug 19 00:33:53 liar-virtual-machine kernel: [    0.029206] pcpu-alloc: [0] 088 089 090 091 092 093 094 095 
Aug 19 00:33:53 liar-virtual-machine kernel: [    0.029210] pcpu-alloc: [0] 096 097 098 099 100 101 102 103 
Aug 19 00:33:53 liar-virtual-machine kernel: [    0.029214] pcpu-alloc: [0] 104 105 106 107 108 109 110 111 
Aug 19 00:33:53 liar-virtual-machine kernel: [    0.029218] pcpu-alloc: [0] 112 113 114 115 116 117 118 119 
Aug 19 00:33:53 liar-virtual-machine kernel: [    0.029222] pcpu-alloc: [0] 120 121 122 123 124 125 126 127 
Aug 19 00:33:53 liar-virtual-machine kernel: [    0.029248] Built 1 zonelists, mobility grouping on.  Total pages: 1032024
Aug 19 00:33:53 liar-virtual-machine kernel: [    0.029249] Policy zone: Normal
Aug 19 00:33:53 liar-virtual-machine kernel: [    0.029251] Kernel command line: BOOT_IMAGE=/boot/vmlinuz-5.11.0-27-generic root=UUID=b3a08fdf-ca3a-4d9f-93df-cb5873bfc203 ro quiet splash
Aug 19 00:33:53 liar-virtual-machine kernel: [    0.029315] printk: log_buf_len individual max cpu contribution: 4096 bytes
Aug 19 00:33:53 liar-virtual-machine kernel: [    0.029316] printk: log_buf_len total cpu_extra contributions: 520192 bytes
Aug 19 00:33:53 liar-virtual-machine kernel: [    0.029316] printk: log_buf_len min size: 262144 bytes
Aug 19 00:33:53 liar-virtual-machine kernel: [    0.030508] printk: log_buf_len: 1048576 bytes
Aug 19 00:33:53 liar-virtual-machine kernel: [    0.030509] printk: early log buf free: 236776(90%)
Aug 19 00:33:53 liar-virtual-machine kernel: [    0.031429] Dentry cache hash table entries: 524288 (order: 10, 4194304 bytes, linear)
Aug 19 00:33:53 liar-virtual-machine kernel: [    0.031892] Inode-cache hash table entries: 262144 (order: 9, 2097152 bytes, linear)
Aug 19 00:33:53 liar-virtual-machine kernel: [    0.032410] mem auto-init: stack:off, heap alloc:on, heap free:off
Aug 19 00:33:53 liar-virtual-machine kernel: [    0.047528] Memory: 3936672K/4193716K available (14345K kernel code, 3477K rwdata, 5456K rodata, 2684K init, 5980K bss, 256784K reserved, 0K cma-reserved)
Aug 19 00:33:53 liar-virtual-machine kernel: [    0.047532] random: get_random_u64 called from __kmem_cache_create+0x2d/0x430 with crng_init=0
Aug 19 00:33:53 liar-virtual-machine kernel: [    0.047681] SLUB: HWalign=64, Order=0-3, MinObjects=0, CPUs=128, Nodes=1
Aug 19 00:33:53 liar-virtual-machine kernel: [    0.047698] ftrace: allocating 48644 entries in 191 pages
Aug 19 00:33:53 liar-virtual-machine kernel: [    0.062458] ftrace: allocated 191 pages with 7 groups
Aug 19 00:33:53 liar-virtual-machine kernel: [    0.062767] rcu: Hierarchical RCU implementation.
Aug 19 00:33:53 liar-virtual-machine kernel: [    0.062768] rcu: 	RCU restricting CPUs from NR_CPUS=8192 to nr_cpu_ids=128.
Aug 19 00:33:53 liar-virtual-machine kernel: [    0.062769] 	Rude variant of Tasks RCU enabled.
Aug 19 00:33:53 liar-virtual-machine kernel: [    0.062769] 	Tracing variant of Tasks RCU enabled.
Aug 19 00:33:53 liar-virtual-machine kernel: [    0.062770] rcu: RCU calculated value of scheduler-enlistment delay is 25 jiffies.
Aug 19 00:33:53 liar-virtual-machine kernel: [    0.062771] rcu: Adjusting geometry for rcu_fanout_leaf=16, nr_cpu_ids=128
Aug 19 00:33:53 liar-virtual-machine kernel: [    0.064704] NR_IRQS: 524544, nr_irqs: 1448, preallocated irqs: 16
Aug 19 00:33:53 liar-virtual-machine kernel: [    0.065042] random: crng done (trusting CPU's manufacturer)
Aug 19 00:33:53 liar-virtual-machine kernel: [    0.066041] Console: colour VGA+ 80x25
Aug 19 00:33:53 liar-virtual-machine kernel: [    0.066053] printk: console [tty0] enabled
Aug 19 00:33:53 liar-virtual-machine kernel: [    0.066082] ACPI: Core revision 20201113
Aug 19 00:33:53 liar-virtual-machine kernel: [    0.066284] clocksource: hpet: mask: 0xffffffff max_cycles: 0xffffffff, max_idle_ns: 133484882848 ns
Aug 19 00:33:53 liar-virtual-machine kernel: [    0.066329] APIC: Switch to symmetric I/O mode setup
Aug 19 00:33:53 liar-virtual-machine kernel: [    0.066447] x2apic enabled
Aug 19 00:33:53 liar-virtual-machine kernel: [    0.066584] Switched APIC routing to physical x2apic.
Aug 19 00:33:53 liar-virtual-machine kernel: [    0.067200] ..TIMER: vector=0x30 apic1=0 pin1=2 apic2=-1 pin2=-1
Aug 19 00:33:53 liar-virtual-machine kernel: [    0.067215] clocksource: tsc-early: mask: 0xffffffffffffffff max_cycles: 0x6a7777116fa, max_idle_ns: 881590883556 ns
Aug 19 00:33:53 liar-virtual-machine kernel: [    0.067220] Calibrating delay loop (skipped) preset value.. 7386.12 BogoMIPS (lpj=14772244)
Aug 19 00:33:53 liar-virtual-machine kernel: [    0.067221] pid_max: default: 131072 minimum: 1024
Aug 19 00:33:53 liar-virtual-machine kernel: [    0.067259] LSM: Security Framework initializing
Aug 19 00:33:53 liar-virtual-machine kernel: [    0.067267] Yama: becoming mindful.
Aug 19 00:33:53 liar-virtual-machine kernel: [    0.067296] AppArmor: AppArmor initialized
Aug 19 00:33:53 liar-virtual-machine kernel: [    0.067348] Mount-cache hash table entries: 8192 (order: 4, 65536 bytes, linear)
Aug 19 00:33:53 liar-virtual-machine kernel: [    0.067361] Mountpoint-cache hash table entries: 8192 (order: 4, 65536 bytes, linear)
Aug 19 00:33:53 liar-virtual-machine kernel: [    0.067641] x86/cpu: User Mode Instruction Prevention (UMIP) activated
Aug 19 00:33:53 liar-virtual-machine kernel: [    0.067676] LVT offset 2 assigned for vector 0xf4
Aug 19 00:33:53 liar-virtual-machine kernel: [    0.067685] Last level iTLB entries: 4KB 512, 2MB 512, 4MB 256
Aug 19 00:33:53 liar-virtual-machine kernel: [    0.067685] Last level dTLB entries: 4KB 2048, 2MB 2048, 4MB 1024, 1GB 0
Aug 19 00:33:53 liar-virtual-machine kernel: [    0.067688] Spectre V1 : Mitigation: usercopy/swapgs barriers and __user pointer sanitization
Aug 19 00:33:53 liar-virtual-machine kernel: [    0.067689] Spectre V2 : Mitigation: Full AMD retpoline
Aug 19 00:33:53 liar-virtual-machine kernel: [    0.067690] Spectre V2 : Spectre v2 / SpectreRSB mitigation: Filling RSB on context switch
Aug 19 00:33:53 liar-virtual-machine kernel: [    0.067691] Spectre V2 : mitigation: Enabling conditional Indirect Branch Prediction Barrier
Aug 19 00:33:53 liar-virtual-machine kernel: [    0.067692] Speculative Store Bypass: Mitigation: Speculative Store Bypass disabled via prctl and seccomp
Aug 19 00:33:53 liar-virtual-machine kernel: [    0.067928] Freeing SMP alternatives memory: 40K
Aug 19 00:33:53 liar-virtual-machine kernel: [    0.070277] smpboot: CPU0: AMD Ryzen 5 5600X 6-Core Processor (family: 0x19, model: 0x21, stepping: 0x0)
Aug 19 00:33:53 liar-virtual-machine kernel: [    0.070440] Performance Events: AMD PMU driver.
Aug 19 00:33:53 liar-virtual-machine kernel: [    0.070446] ... version:                0
Aug 19 00:33:53 liar-virtual-machine kernel: [    0.070446] ... bit width:              48
Aug 19 00:33:53 liar-virtual-machine kernel: [    0.070447] ... generic registers:      4
Aug 19 00:33:53 liar-virtual-machine kernel: [    0.070447] ... value mask:             0000ffffffffffff
Aug 19 00:33:53 liar-virtual-machine kernel: [    0.070447] ... max period:             00007fffffffffff
Aug 19 00:33:53 liar-virtual-machine kernel: [    0.070448] ... fixed-purpose events:   0
Aug 19 00:33:53 liar-virtual-machine kernel: [    0.070448] ... event mask:             000000000000000f
Aug 19 00:33:53 liar-virtual-machine kernel: [    0.070513] rcu: Hierarchical SRCU implementation.
Aug 19 00:33:53 liar-virtual-machine kernel: [    0.070775] NMI watchdog: Enabled. Permanently consumes one hw-PMU counter.
Aug 19 00:33:53 liar-virtual-machine kernel: [    0.071217] smp: Bringing up secondary CPUs ...
Aug 19 00:33:53 liar-virtual-machine kernel: [    0.071217] x86: Booting SMP configuration:
Aug 19 00:33:53 liar-virtual-machine kernel: [    0.071217] .... node  #0, CPUs:          #1
Aug 19 00:33:53 liar-virtual-machine kernel: [    0.006260] smpboot: CPU 1 Converting physical 2 to logical package 1
Aug 19 00:33:53 liar-virtual-machine kernel: [    0.006260] smpboot: CPU 1 Converting physical 0 to logical die 1
Aug 19 00:33:53 liar-virtual-machine kernel: [    0.071265] smp: Brought up 1 node, 2 CPUs
Aug 19 00:33:53 liar-virtual-machine kernel: [    0.071265] smpboot: Max logical packages: 128
Aug 19 00:33:53 liar-virtual-machine kernel: [    0.071265] smpboot: Total of 2 processors activated (14772.24 BogoMIPS)
Aug 19 00:33:53 liar-virtual-machine kernel: [    0.071553] devtmpfs: initialized
Aug 19 00:33:53 liar-virtual-machine kernel: [    0.071553] x86/mm: Memory block size: 128MB
Aug 19 00:33:53 liar-virtual-machine kernel: [    0.071553] PM: Registering ACPI NVS region [mem 0xbfeff000-0xbfefffff] (4096 bytes)
Aug 19 00:33:53 liar-virtual-machine kernel: [    0.071553] clocksource: jiffies: mask: 0xffffffff max_cycles: 0xffffffff, max_idle_ns: 7645041785100000 ns
Aug 19 00:33:53 liar-virtual-machine kernel: [    0.071706] futex hash table entries: 32768 (order: 9, 2097152 bytes, linear)
Aug 19 00:33:53 liar-virtual-machine kernel: [    0.071887] pinctrl core: initialized pinctrl subsystem
Aug 19 00:33:53 liar-virtual-machine kernel: [    0.072024] PM: RTC time: 16:33:46, date: 2021-08-18
Aug 19 00:33:53 liar-virtual-machine kernel: [    0.072199] NET: Registered protocol family 16
Aug 19 00:33:53 liar-virtual-machine kernel: [    0.072354] DMA: preallocated 512 KiB GFP_KERNEL pool for atomic allocations
Aug 19 00:33:53 liar-virtual-machine kernel: [    0.072464] DMA: preallocated 512 KiB GFP_KERNEL|GFP_DMA pool for atomic allocations
Aug 19 00:33:53 liar-virtual-machine kernel: [    0.072506] DMA: preallocated 512 KiB GFP_KERNEL|GFP_DMA32 pool for atomic allocations
Aug 19 00:33:53 liar-virtual-machine kernel: [    0.072512] audit: initializing netlink subsys (disabled)
Aug 19 00:33:53 liar-virtual-machine kernel: [    0.072541] audit: type=2000 audit(1629304426.004:1): state=initialized audit_enabled=0 res=1
Aug 19 00:33:53 liar-virtual-machine kernel: [    0.072541] thermal_sys: Registered thermal governor 'fair_share'
Aug 19 00:33:53 liar-virtual-machine kernel: [    0.072541] thermal_sys: Registered thermal governor 'bang_bang'
Aug 19 00:33:53 liar-virtual-machine kernel: [    0.072541] thermal_sys: Registered thermal governor 'step_wise'
Aug 19 00:33:53 liar-virtual-machine kernel: [    0.072541] thermal_sys: Registered thermal governor 'user_space'
Aug 19 00:33:53 liar-virtual-machine kernel: [    0.072541] thermal_sys: Registered thermal governor 'power_allocator'
Aug 19 00:33:53 liar-virtual-machine kernel: [    0.072541] EISA bus registered
Aug 19 00:33:53 liar-virtual-machine kernel: [    0.072541] cpuidle: using governor ladder
Aug 19 00:33:53 liar-virtual-machine kernel: [    0.072541] cpuidle: using governor menu
Aug 19 00:33:53 liar-virtual-machine kernel: [    0.072541] Simple Boot Flag at 0x36 set to 0x80
Aug 19 00:33:53 liar-virtual-machine kernel: [    0.072541] ACPI: bus type PCI registered
Aug 19 00:33:53 liar-virtual-machine kernel: [    0.072541] acpiphp: ACPI Hot Plug PCI Controller Driver version: 0.5
Aug 19 00:33:53 liar-virtual-machine kernel: [    0.072541] PCI: MMCONFIG for domain 0000 [bus 00-7f] at [mem 0xf0000000-0xf7ffffff] (base 0xf0000000)
Aug 19 00:33:53 liar-virtual-machine kernel: [    0.072541] PCI: MMCONFIG at [mem 0xf0000000-0xf7ffffff] reserved in E820
Aug 19 00:33:53 liar-virtual-machine kernel: [    0.072541] PCI: Using configuration type 1 for base access
Aug 19 00:33:53 liar-virtual-machine kernel: [    0.072541] Kprobes globally optimized
Aug 19 00:33:53 liar-virtual-machine kernel: [    0.072541] HugeTLB registered 1.00 GiB page size, pre-allocated 0 pages
Aug 19 00:33:53 liar-virtual-machine kernel: [    0.072541] HugeTLB registered 2.00 MiB page size, pre-allocated 0 pages
Aug 19 00:33:53 liar-virtual-machine kernel: [    0.075288] ACPI: Added _OSI(Module Device)
Aug 19 00:33:53 liar-virtual-machine kernel: [    0.075289] ACPI: Added _OSI(Processor Device)
Aug 19 00:33:53 liar-virtual-machine kernel: [    0.075289] ACPI: Added _OSI(3.0 _SCP Extensions)
Aug 19 00:33:53 liar-virtual-machine kernel: [    0.075289] ACPI: Added _OSI(Processor Aggregator Device)
Aug 19 00:33:53 liar-virtual-machine kernel: [    0.075290] ACPI: Added _OSI(Linux-Dell-Video)
Aug 19 00:33:53 liar-virtual-machine kernel: [    0.075292] ACPI: Added _OSI(Linux-Lenovo-NV-HDMI-Audio)
Aug 19 00:33:53 liar-virtual-machine kernel: [    0.075293] ACPI: Added _OSI(Linux-HPI-Hybrid-Graphics)
Aug 19 00:33:53 liar-virtual-machine kernel: [    0.094425] ACPI: 1 ACPI AML tables successfully acquired and loaded
Aug 19 00:33:53 liar-virtual-machine kernel: [    0.095781] ACPI: [Firmware Bug]: BIOS _OSI(Linux) query ignored
Aug 19 00:33:53 liar-virtual-machine kernel: [    0.109047] ACPI: Interpreter enabled
Aug 19 00:33:53 liar-virtual-machine kernel: [    0.109055] ACPI: (supports S0 S1 S4 S5)
Aug 19 00:33:53 liar-virtual-machine kernel: [    0.109056] ACPI: Using IOAPIC for interrupt routing
Aug 19 00:33:53 liar-virtual-machine kernel: [    0.109067] PCI: Using host bridge windows from ACPI; if necessary, use "pci=nocrs" and report a bug
Aug 19 00:33:53 liar-virtual-machine kernel: [    0.110066] ACPI: Enabled 4 GPEs in block 00 to 0F
Aug 19 00:33:53 liar-virtual-machine kernel: [    0.218240] ACPI: PCI Root Bridge [PCI0] (domain 0000 [bus 00-7f])
Aug 19 00:33:53 liar-virtual-machine kernel: [    0.218246] acpi PNP0A03:00: _OSC: OS supports [ExtendedConfig ASPM ClockPM Segments MSI HPX-Type3]
Aug 19 00:33:53 liar-virtual-machine kernel: [    0.218383] acpi PNP0A03:00: _OSC: platform does not support [AER LTR]
Aug 19 00:33:53 liar-virtual-machine kernel: [    0.218520] acpi PNP0A03:00: _OSC: OS now controls [PCIeHotplug SHPCHotplug PME PCIeCapability]
Aug 19 00:33:53 liar-virtual-machine kernel: [    0.219844] PCI host bridge to bus 0000:00
Aug 19 00:33:53 liar-virtual-machine kernel: [    0.219846] pci_bus 0000:00: root bus resource [bus 00-7f]
Aug 19 00:33:53 liar-virtual-machine kernel: [    0.219847] pci_bus 0000:00: root bus resource [io  0x0000-0x0cf7 window]
Aug 19 00:33:53 liar-virtual-machine kernel: [    0.219848] pci_bus 0000:00: root bus resource [io  0x0d00-0xfeff window]
Aug 19 00:33:53 liar-virtual-machine kernel: [    0.219849] pci_bus 0000:00: root bus resource [mem 0x000a0000-0x000bffff window]
Aug 19 00:33:53 liar-virtual-machine kernel: [    0.219849] pci_bus 0000:00: root bus resource [mem 0x000d0000-0x000dbfff window]
Aug 19 00:33:53 liar-virtual-machine kernel: [    0.219850] pci_bus 0000:00: root bus resource [mem 0xc0000000-0xfebfffff window]
Aug 19 00:33:53 liar-virtual-machine kernel: [    0.219918] pci 0000:00:00.0: [8086:7190] type 00 class 0x060000
Aug 19 00:33:53 liar-virtual-machine kernel: [    0.220450] pci 0000:00:01.0: [8086:7191] type 01 class 0x060400
Aug 19 00:33:53 liar-virtual-machine kernel: [    0.221218] pci 0000:00:07.0: [8086:7110] type 00 class 0x060100
Aug 19 00:33:53 liar-virtual-machine kernel: [    0.221752] pci 0000:00:07.1: [8086:7111] type 00 class 0x01018a
Aug 19 00:33:53 liar-virtual-machine kernel: [    0.222499] pci 0000:00:07.1: reg 0x20: [io  0x1060-0x106f]
Aug 19 00:33:53 liar-virtual-machine kernel: [    0.222926] pci 0000:00:07.1: legacy IDE quirk: reg 0x10: [io  0x01f0-0x01f7]
Aug 19 00:33:53 liar-virtual-machine kernel: [    0.222927] pci 0000:00:07.1: legacy IDE quirk: reg 0x14: [io  0x03f6]
Aug 19 00:33:53 liar-virtual-machine kernel: [    0.222927] pci 0000:00:07.1: legacy IDE quirk: reg 0x18: [io  0x0170-0x0177]
Aug 19 00:33:53 liar-virtual-machine kernel: [    0.222928] pci 0000:00:07.1: legacy IDE quirk: reg 0x1c: [io  0x0376]
Aug 19 00:33:53 liar-virtual-machine kernel: [    0.223096] pci 0000:00:07.3: [8086:7113] type 00 class 0x068000
Aug 19 00:33:53 liar-virtual-machine kernel: [    0.223978] pci 0000:00:07.3: quirk: [io  0x1000-0x103f] claimed by PIIX4 ACPI
Aug 19 00:33:53 liar-virtual-machine kernel: [    0.223986] pci 0000:00:07.3: quirk: [io  0x1040-0x104f] claimed by PIIX4 SMB
Aug 19 00:33:53 liar-virtual-machine kernel: [    0.224241] pci 0000:00:07.7: [15ad:0740] type 00 class 0x088000
Aug 19 00:33:53 liar-virtual-machine kernel: [    0.224562] pci 0000:00:07.7: reg 0x10: [io  0x1080-0x10bf]
Aug 19 00:33:53 liar-virtual-machine kernel: [    0.224848] pci 0000:00:07.7: reg 0x14: [mem 0xfebfe000-0xfebfffff 64bit]
Aug 19 00:33:53 liar-virtual-machine kernel: [    0.226801] pci 0000:00:0f.0: [15ad:0405] type 00 class 0x030000
Aug 19 00:33:53 liar-virtual-machine kernel: [    0.227628] pci 0000:00:0f.0: reg 0x10: [io  0x1070-0x107f]
Aug 19 00:33:53 liar-virtual-machine kernel: [    0.228377] pci 0000:00:0f.0: reg 0x14: [mem 0xe8000000-0xefffffff pref]
Aug 19 00:33:53 liar-virtual-machine kernel: [    0.229086] pci 0000:00:0f.0: reg 0x18: [mem 0xfe000000-0xfe7fffff]
Aug 19 00:33:53 liar-virtual-machine kernel: [    0.231920] pci 0000:00:0f.0: reg 0x30: [mem 0x00000000-0x00007fff pref]
Aug 19 00:33:53 liar-virtual-machine kernel: [    0.232384] pci 0000:00:10.0: [1000:0030] type 00 class 0x010000
Aug 19 00:33:53 liar-virtual-machine kernel: [    0.232838] pci 0000:00:10.0: reg 0x10: [io  0x1400-0x14ff]
Aug 19 00:33:53 liar-virtual-machine kernel: [    0.233268] pci 0000:00:10.0: reg 0x14: [mem 0xfeba0000-0xfebbffff 64bit]
Aug 19 00:33:53 liar-virtual-machine kernel: [    0.233695] pci 0000:00:10.0: reg 0x1c: [mem 0xfebc0000-0xfebdffff 64bit]
Aug 19 00:33:53 liar-virtual-machine kernel: [    0.234503] pci 0000:00:10.0: reg 0x30: [mem 0x00000000-0x00003fff pref]
Aug 19 00:33:53 liar-virtual-machine kernel: [    0.234882] pci 0000:00:11.0: [15ad:0790] type 01 class 0x060401
Aug 19 00:33:53 liar-virtual-machine kernel: [    0.235938] pci 0000:00:15.0: [15ad:07a0] type 01 class 0x060400
Aug 19 00:33:53 liar-virtual-machine kernel: [    0.236564] pci 0000:00:15.0: PME# supported from D0 D3hot D3cold
Aug 19 00:33:53 liar-virtual-machine kernel: [    0.236850] pci 0000:00:15.1: [15ad:07a0] type 01 class 0x060400
Aug 19 00:33:53 liar-virtual-machine kernel: [    0.237522] pci 0000:00:15.1: PME# supported from D0 D3hot D3cold
Aug 19 00:33:53 liar-virtual-machine kernel: [    0.237897] pci 0000:00:15.2: [15ad:07a0] type 01 class 0x060400
Aug 19 00:33:53 liar-virtual-machine kernel: [    0.238600] pci 0000:00:15.2: PME# supported from D0 D3hot D3cold
Aug 19 00:33:53 liar-virtual-machine kernel: [    0.238886] pci 0000:00:15.3: [15ad:07a0] type 01 class 0x060400
Aug 19 00:33:53 liar-virtual-machine kernel: [    0.239502] pci 0000:00:15.3: PME# supported from D0 D3hot D3cold
Aug 19 00:33:53 liar-virtual-machine kernel: [    0.239774] pci 0000:00:15.4: [15ad:07a0] type 01 class 0x060400
Aug 19 00:33:53 liar-virtual-machine kernel: [    0.240372] pci 0000:00:15.4: PME# supported from D0 D3hot D3cold
Aug 19 00:33:53 liar-virtual-machine kernel: [    0.240643] pci 0000:00:15.5: [15ad:07a0] type 01 class 0x060400
Aug 19 00:33:53 liar-virtual-machine kernel: [    0.241236] pci 0000:00:15.5: PME# supported from D0 D3hot D3cold
Aug 19 00:33:53 liar-virtual-machine kernel: [    0.241511] pci 0000:00:15.6: [15ad:07a0] type 01 class 0x060400
Aug 19 00:33:53 liar-virtual-machine kernel: [    0.242104] pci 0000:00:15.6: PME# supported from D0 D3hot D3cold
Aug 19 00:33:53 liar-virtual-machine kernel: [    0.242386] pci 0000:00:15.7: [15ad:07a0] type 01 class 0x060400
Aug 19 00:33:53 liar-virtual-machine kernel: [    0.242979] pci 0000:00:15.7: PME# supported from D0 D3hot D3cold
Aug 19 00:33:53 liar-virtual-machine kernel: [    0.243309] pci 0000:00:16.0: [15ad:07a0] type 01 class 0x060400
Aug 19 00:33:53 liar-virtual-machine kernel: [    0.243904] pci 0000:00:16.0: PME# supported from D0 D3hot D3cold
Aug 19 00:33:53 liar-virtual-machine kernel: [    0.244174] pci 0000:00:16.1: [15ad:07a0] type 01 class 0x060400
Aug 19 00:33:53 liar-virtual-machine kernel: [    0.244773] pci 0000:00:16.1: PME# supported from D0 D3hot D3cold
Aug 19 00:33:53 liar-virtual-machine kernel: [    0.245050] pci 0000:00:16.2: [15ad:07a0] type 01 class 0x060400
Aug 19 00:33:53 liar-virtual-machine kernel: [    0.245651] pci 0000:00:16.2: PME# supported from D0 D3hot D3cold
Aug 19 00:33:53 liar-virtual-machine kernel: [    0.245920] pci 0000:00:16.3: [15ad:07a0] type 01 class 0x060400
Aug 19 00:33:53 liar-virtual-machine kernel: [    0.246519] pci 0000:00:16.3: PME# supported from D0 D3hot D3cold
Aug 19 00:33:53 liar-virtual-machine kernel: [    0.246795] pci 0000:00:16.4: [15ad:07a0] type 01 class 0x060400
Aug 19 00:33:53 liar-virtual-machine kernel: [    0.247416] pci 0000:00:16.4: PME# supported from D0 D3hot D3cold
Aug 19 00:33:53 liar-virtual-machine kernel: [    0.247687] pci 0000:00:16.5: [15ad:07a0] type 01 class 0x060400
Aug 19 00:33:53 liar-virtual-machine kernel: [    0.248280] pci 0000:00:16.5: PME# supported from D0 D3hot D3cold
Aug 19 00:33:53 liar-virtual-machine kernel: [    0.248554] pci 0000:00:16.6: [15ad:07a0] type 01 class 0x060400
Aug 19 00:33:53 liar-virtual-machine kernel: [    0.249148] pci 0000:00:16.6: PME# supported from D0 D3hot D3cold
Aug 19 00:33:53 liar-virtual-machine kernel: [    0.249428] pci 0000:00:16.7: [15ad:07a0] type 01 class 0x060400
Aug 19 00:33:53 liar-virtual-machine kernel: [    0.250022] pci 0000:00:16.7: PME# supported from D0 D3hot D3cold
Aug 19 00:33:53 liar-virtual-machine kernel: [    0.250352] pci 0000:00:17.0: [15ad:07a0] type 01 class 0x060400
Aug 19 00:33:53 liar-virtual-machine kernel: [    0.250945] pci 0000:00:17.0: PME# supported from D0 D3hot D3cold
Aug 19 00:33:53 liar-virtual-machine kernel: [    0.251218] pci 0000:00:17.1: [15ad:07a0] type 01 class 0x060400
Aug 19 00:33:53 liar-virtual-machine kernel: [    0.251818] pci 0000:00:17.1: PME# supported from D0 D3hot D3cold
Aug 19 00:33:53 liar-virtual-machine kernel: [    0.252094] pci 0000:00:17.2: [15ad:07a0] type 01 class 0x060400
Aug 19 00:33:53 liar-virtual-machine kernel: [    0.252689] pci 0000:00:17.2: PME# supported from D0 D3hot D3cold
Aug 19 00:33:53 liar-virtual-machine kernel: [    0.252961] pci 0000:00:17.3: [15ad:07a0] type 01 class 0x060400
Aug 19 00:33:53 liar-virtual-machine kernel: [    0.253556] pci 0000:00:17.3: PME# supported from D0 D3hot D3cold
Aug 19 00:33:53 liar-virtual-machine kernel: [    0.253825] pci 0000:00:17.4: [15ad:07a0] type 01 class 0x060400
Aug 19 00:33:53 liar-virtual-machine kernel: [    0.254424] pci 0000:00:17.4: PME# supported from D0 D3hot D3cold
Aug 19 00:33:53 liar-virtual-machine kernel: [    0.254695] pci 0000:00:17.5: [15ad:07a0] type 01 class 0x060400
Aug 19 00:33:53 liar-virtual-machine kernel: [    0.255294] pci 0000:00:17.5: PME# supported from D0 D3hot D3cold
Aug 19 00:33:53 liar-virtual-machine kernel: [    0.255570] pci 0000:00:17.6: [15ad:07a0] type 01 class 0x060400
Aug 19 00:33:53 liar-virtual-machine kernel: [    0.256164] pci 0000:00:17.6: PME# supported from D0 D3hot D3cold
Aug 19 00:33:53 liar-virtual-machine kernel: [    0.256442] pci 0000:00:17.7: [15ad:07a0] type 01 class 0x060400
Aug 19 00:33:53 liar-virtual-machine kernel: [    0.257034] pci 0000:00:17.7: PME# supported from D0 D3hot D3cold
Aug 19 00:33:53 liar-virtual-machine kernel: [    0.257364] pci 0000:00:18.0: [15ad:07a0] type 01 class 0x060400
Aug 19 00:33:53 liar-virtual-machine kernel: [    0.257957] pci 0000:00:18.0: PME# supported from D0 D3hot D3cold
Aug 19 00:33:53 liar-virtual-machine kernel: [    0.258225] pci 0000:00:18.1: [15ad:07a0] type 01 class 0x060400
Aug 19 00:33:53 liar-virtual-machine kernel: [    0.258820] pci 0000:00:18.1: PME# supported from D0 D3hot D3cold
Aug 19 00:33:53 liar-virtual-machine kernel: [    0.259096] pci 0000:00:18.2: [15ad:07a0] type 01 class 0x060400
Aug 19 00:33:53 liar-virtual-machine kernel: [    0.259695] pci 0000:00:18.2: PME# supported from D0 D3hot D3cold
Aug 19 00:33:53 liar-virtual-machine kernel: [    0.259966] pci 0000:00:18.3: [15ad:07a0] type 01 class 0x060400
Aug 19 00:33:53 liar-virtual-machine kernel: [    0.260566] pci 0000:00:18.3: PME# supported from D0 D3hot D3cold
Aug 19 00:33:53 liar-virtual-machine kernel: [    0.260839] pci 0000:00:18.4: [15ad:07a0] type 01 class 0x060400
Aug 19 00:33:53 liar-virtual-machine kernel: [    0.261434] pci 0000:00:18.4: PME# supported from D0 D3hot D3cold
Aug 19 00:33:53 liar-virtual-machine kernel: [    0.261703] pci 0000:00:18.5: [15ad:07a0] type 01 class 0x060400
Aug 19 00:33:53 liar-virtual-machine kernel: [    0.262296] pci 0000:00:18.5: PME# supported from D0 D3hot D3cold
Aug 19 00:33:53 liar-virtual-machine kernel: [    0.262571] pci 0000:00:18.6: [15ad:07a0] type 01 class 0x060400
Aug 19 00:33:53 liar-virtual-machine kernel: [    0.263165] pci 0000:00:18.6: PME# supported from D0 D3hot D3cold
Aug 19 00:33:53 liar-virtual-machine kernel: [    0.263450] pci 0000:00:18.7: [15ad:07a0] type 01 class 0x060400
Aug 19 00:33:53 liar-virtual-machine kernel: [    0.264043] pci 0000:00:18.7: PME# supported from D0 D3hot D3cold
Aug 19 00:33:53 liar-virtual-machine kernel: [    0.264821] pci_bus 0000:01: extended config space not accessible
Aug 19 00:33:53 liar-virtual-machine kernel: [    0.266809] pci 0000:00:01.0: PCI bridge to [bus 01]
Aug 19 00:33:53 liar-virtual-machine kernel: [    0.266952] pci_bus 0000:02: extended config space not accessible
Aug 19 00:33:53 liar-virtual-machine kernel: [    0.267058] acpiphp: Slot [32] registered
Aug 19 00:33:53 liar-virtual-machine kernel: [    0.267070] acpiphp: Slot [33] registered
Aug 19 00:33:53 liar-virtual-machine kernel: [    0.267084] acpiphp: Slot [34] registered
Aug 19 00:33:53 liar-virtual-machine kernel: [    0.267096] acpiphp: Slot [35] registered
Aug 19 00:33:53 liar-virtual-machine kernel: [    0.267108] acpiphp: Slot [36] registered
Aug 19 00:33:53 liar-virtual-machine kernel: [    0.267119] acpiphp: Slot [37] registered
Aug 19 00:33:53 liar-virtual-machine kernel: [    0.267131] acpiphp: Slot [38] registered
Aug 19 00:33:53 liar-virtual-machine kernel: [    0.267143] acpiphp: Slot [39] registered
Aug 19 00:33:53 liar-virtual-machine kernel: [    0.267155] acpiphp: Slot [40] registered
Aug 19 00:33:53 liar-virtual-machine kernel: [    0.267167] acpiphp: Slot [41] registered
Aug 19 00:33:53 liar-virtual-machine kernel: [    0.267178] acpiphp: Slot [42] registered
Aug 19 00:33:53 liar-virtual-machine kernel: [    0.267190] acpiphp: Slot [43] registered
Aug 19 00:33:53 liar-virtual-machine kernel: [    0.267201] acpiphp: Slot [44] registered
Aug 19 00:33:53 liar-virtual-machine kernel: [    0.267213] acpiphp: Slot [45] registered
Aug 19 00:33:53 liar-virtual-machine kernel: [    0.267223] acpiphp: Slot [46] registered
Aug 19 00:33:53 liar-virtual-machine kernel: [    0.267238] acpiphp: Slot [47] registered
Aug 19 00:33:53 liar-virtual-machine kernel: [    0.267249] acpiphp: Slot [48] registered
Aug 19 00:33:53 liar-virtual-machine kernel: [    0.267261] acpiphp: Slot [49] registered
Aug 19 00:33:53 liar-virtual-machine kernel: [    0.267272] acpiphp: Slot [50] registered
Aug 19 00:33:53 liar-virtual-machine kernel: [    0.267284] acpiphp: Slot [51] registered
Aug 19 00:33:53 liar-virtual-machine kernel: [    0.267295] acpiphp: Slot [52] registered
Aug 19 00:33:53 liar-virtual-machine kernel: [    0.267308] acpiphp: Slot [53] registered
Aug 19 00:33:53 liar-virtual-machine kernel: [    0.267321] acpiphp: Slot [54] registered
Aug 19 00:33:53 liar-virtual-machine kernel: [    0.267339] acpiphp: Slot [55] registered
Aug 19 00:33:53 liar-virtual-machine kernel: [    0.267351] acpiphp: Slot [56] registered
Aug 19 00:33:53 liar-virtual-machine kernel: [    0.267362] acpiphp: Slot [57] registered
Aug 19 00:33:53 liar-virtual-machine kernel: [    0.267374] acpiphp: Slot [58] registered
Aug 19 00:33:53 liar-virtual-machine kernel: [    0.267387] acpiphp: Slot [59] registered
Aug 19 00:33:53 liar-virtual-machine kernel: [    0.267398] acpiphp: Slot [60] registered
Aug 19 00:33:53 liar-virtual-machine kernel: [    0.267409] acpiphp: Slot [61] registered
Aug 19 00:33:53 liar-virtual-machine kernel: [    0.267421] acpiphp: Slot [62] registered
Aug 19 00:33:53 liar-virtual-machine kernel: [    0.267432] acpiphp: Slot [63] registered
Aug 19 00:33:53 liar-virtual-machine kernel: [    0.267480] pci 0000:02:00.0: [15ad:0774] type 00 class 0x0c0300
Aug 19 00:33:53 liar-virtual-machine kernel: [    0.268174] pci 0000:02:00.0: reg 0x20: [io  0x2080-0x209f]
Aug 19 00:33:53 liar-virtual-machine kernel: [    0.268837] pci 0000:02:01.0: [8086:100f] type 00 class 0x020000
Aug 19 00:33:53 liar-virtual-machine kernel: [    0.269310] pci 0000:02:01.0: reg 0x10: [mem 0xfd5c0000-0xfd5dffff 64bit]
Aug 19 00:33:53 liar-virtual-machine kernel: [    0.269731] pci 0000:02:01.0: reg 0x18: [mem 0xfdff0000-0xfdffffff 64bit]
Aug 19 00:33:53 liar-virtual-machine kernel: [    0.270121] pci 0000:02:01.0: reg 0x20: [io  0x2000-0x203f]
Aug 19 00:33:53 liar-virtual-machine kernel: [    0.270906] pci 0000:02:01.0: reg 0x30: [mem 0x00000000-0x0000ffff pref]
Aug 19 00:33:53 liar-virtual-machine kernel: [    0.271118] pci 0000:02:01.0: PME# supported from D0 D3hot D3cold
Aug 19 00:33:53 liar-virtual-machine kernel: [    0.271280] pci 0000:02:02.0: [1274:1371] type 00 class 0x040100
Aug 19 00:33:53 liar-virtual-machine kernel: [    0.271470] pci 0000:02:02.0: reg 0x10: [io  0x2040-0x207f]
Aug 19 00:33:53 liar-virtual-machine kernel: [    0.272725] pci 0000:02:03.0: [15ad:0770] type 00 class 0x0c0320
Aug 19 00:33:53 liar-virtual-machine kernel: [    0.272952] pci 0000:02:03.0: reg 0x10: [mem 0xfd5ef000-0xfd5effff]
Aug 19 00:33:53 liar-virtual-machine kernel: [    0.274524] pci 0000:02:05.0: [15ad:07e0] type 00 class 0x010601
Aug 19 00:33:53 liar-virtual-machine kernel: [    0.275758] pci 0000:02:05.0: reg 0x24: [mem 0xfd5ee000-0xfd5eefff]
Aug 19 00:33:53 liar-virtual-machine kernel: [    0.275938] pci 0000:02:05.0: reg 0x30: [mem 0x00000000-0x0000ffff pref]
Aug 19 00:33:53 liar-virtual-machine kernel: [    0.276202] pci 0000:02:05.0: PME# supported from D3hot
Aug 19 00:33:53 liar-virtual-machine kernel: [    0.278219] pci 0000:00:11.0: PCI bridge to [bus 02] (subtractive decode)
Aug 19 00:33:53 liar-virtual-machine kernel: [    0.278234] pci 0000:00:11.0:   bridge window [io  0x2000-0x3fff]
Aug 19 00:33:53 liar-virtual-machine kernel: [    0.278248] pci 0000:00:11.0:   bridge window [mem 0xfd500000-0xfdffffff]
Aug 19 00:33:53 liar-virtual-machine kernel: [    0.278274] pci 0000:00:11.0:   bridge window [mem 0xe7b00000-0xe7ffffff 64bit pref]
Aug 19 00:33:53 liar-virtual-machine kernel: [    0.278275] pci 0000:00:11.0:   bridge window [io  0x0000-0x0cf7 window] (subtractive decode)
Aug 19 00:33:53 liar-virtual-machine kernel: [    0.278276] pci 0000:00:11.0:   bridge window [io  0x0d00-0xfeff window] (subtractive decode)
Aug 19 00:33:53 liar-virtual-machine kernel: [    0.278277] pci 0000:00:11.0:   bridge window [mem 0x000a0000-0x000bffff window] (subtractive decode)
Aug 19 00:33:53 liar-virtual-machine kernel: [    0.278277] pci 0000:00:11.0:   bridge window [mem 0x000d0000-0x000dbfff window] (subtractive decode)
Aug 19 00:33:53 liar-virtual-machine kernel: [    0.278278] pci 0000:00:11.0:   bridge window [mem 0xc0000000-0xfebfffff window] (subtractive decode)
Aug 19 00:33:53 liar-virtual-machine kernel: [    0.278574] pci 0000:03:00.0: [15ad:0779] type 00 class 0x0c0330
Aug 19 00:33:53 liar-virtual-machine kernel: [    0.278826] pci 0000:03:00.0: reg 0x10: [mem 0xfd4e0000-0xfd4fffff 64bit]
Aug 19 00:33:53 liar-virtual-machine kernel: [    0.280021] pci 0000:03:00.0: PME# supported from D0 D3hot D3cold
Aug 19 00:33:53 liar-virtual-machine kernel: [    0.280240] pci 0000:03:00.0: disabling ASPM on pre-1.1 PCIe device.  You can enable it with 'pcie_aspm=force'
Aug 19 00:33:53 liar-virtual-machine kernel: [    0.282255] pci 0000:00:15.0: PCI bridge to [bus 03]
Aug 19 00:33:53 liar-virtual-machine kernel: [    0.282288] pci 0000:00:15.0:   bridge window [mem 0xfd400000-0xfd4fffff]
Aug 19 00:33:53 liar-virtual-machine kernel: [    0.284443] pci 0000:00:15.1: PCI bridge to [bus 04]
Aug 19 00:33:53 liar-virtual-machine kernel: [    0.284457] pci 0000:00:15.1:   bridge window [io  0x7000-0x7fff]
Aug 19 00:33:53 liar-virtual-machine kernel: [    0.284471] pci 0000:00:15.1:   bridge window [mem 0xfd000000-0xfd0fffff]
Aug 19 00:33:53 liar-virtual-machine kernel: [    0.284498] pci 0000:00:15.1:   bridge window [mem 0xe7700000-0xe77fffff 64bit pref]
Aug 19 00:33:53 liar-virtual-machine kernel: [    0.286671] pci 0000:00:15.2: PCI bridge to [bus 05]
Aug 19 00:33:53 liar-virtual-machine kernel: [    0.286685] pci 0000:00:15.2:   bridge window [io  0xb000-0xbfff]
Aug 19 00:33:53 liar-virtual-machine kernel: [    0.286698] pci 0000:00:15.2:   bridge window [mem 0xfcc00000-0xfccfffff]
Aug 19 00:33:53 liar-virtual-machine kernel: [    0.286725] pci 0000:00:15.2:   bridge window [mem 0xe7300000-0xe73fffff 64bit pref]
Aug 19 00:33:53 liar-virtual-machine kernel: [    0.288902] pci 0000:00:15.3: PCI bridge to [bus 06]
Aug 19 00:33:53 liar-virtual-machine kernel: [    0.288929] pci 0000:00:15.3:   bridge window [mem 0xfc800000-0xfc8fffff]
Aug 19 00:33:53 liar-virtual-machine kernel: [    0.288955] pci 0000:00:15.3:   bridge window [mem 0xe6f00000-0xe6ffffff 64bit pref]
Aug 19 00:33:53 liar-virtual-machine kernel: [    0.291136] pci 0000:00:15.4: PCI bridge to [bus 07]
Aug 19 00:33:53 liar-virtual-machine kernel: [    0.291238] pci 0000:00:15.4:   bridge window [mem 0xfc400000-0xfc4fffff]
Aug 19 00:33:53 liar-virtual-machine kernel: [    0.291264] pci 0000:00:15.4:   bridge window [mem 0xe6b00000-0xe6bfffff 64bit pref]
Aug 19 00:33:53 liar-virtual-machine kernel: [    0.293447] pci 0000:00:15.5: PCI bridge to [bus 08]
Aug 19 00:33:53 liar-virtual-machine kernel: [    0.293474] pci 0000:00:15.5:   bridge window [mem 0xfc000000-0xfc0fffff]
Aug 19 00:33:53 liar-virtual-machine kernel: [    0.293501] pci 0000:00:15.5:   bridge window [mem 0xe6700000-0xe67fffff 64bit pref]
Aug 19 00:33:53 liar-virtual-machine kernel: [    0.295624] pci 0000:00:15.6: PCI bridge to [bus 09]
Aug 19 00:33:53 liar-virtual-machine kernel: [    0.295651] pci 0000:00:15.6:   bridge window [mem 0xfbc00000-0xfbcfffff]
Aug 19 00:33:53 liar-virtual-machine kernel: [    0.295678] pci 0000:00:15.6:   bridge window [mem 0xe6300000-0xe63fffff 64bit pref]
Aug 19 00:33:53 liar-virtual-machine kernel: [    0.297854] pci 0000:00:15.7: PCI bridge to [bus 0a]
Aug 19 00:33:53 liar-virtual-machine kernel: [    0.297881] pci 0000:00:15.7:   bridge window [mem 0xfb800000-0xfb8fffff]
Aug 19 00:33:53 liar-virtual-machine kernel: [    0.297907] pci 0000:00:15.7:   bridge window [mem 0xe5f00000-0xe5ffffff 64bit pref]
Aug 19 00:33:53 liar-virtual-machine kernel: [    0.300092] pci 0000:00:16.0: PCI bridge to [bus 0b]
Aug 19 00:33:53 liar-virtual-machine kernel: [    0.300106] pci 0000:00:16.0:   bridge window [io  0x4000-0x4fff]
Aug 19 00:33:53 liar-virtual-machine kernel: [    0.300120] pci 0000:00:16.0:   bridge window [mem 0xfd300000-0xfd3fffff]
Aug 19 00:33:53 liar-virtual-machine kernel: [    0.300147] pci 0000:00:16.0:   bridge window [mem 0xe7a00000-0xe7afffff 64bit pref]
Aug 19 00:33:53 liar-virtual-machine kernel: [    0.302327] pci 0000:00:16.1: PCI bridge to [bus 0c]
Aug 19 00:33:53 liar-virtual-machine kernel: [    0.302341] pci 0000:00:16.1:   bridge window [io  0x8000-0x8fff]
Aug 19 00:33:53 liar-virtual-machine kernel: [    0.302354] pci 0000:00:16.1:   bridge window [mem 0xfcf00000-0xfcffffff]
Aug 19 00:33:53 liar-virtual-machine kernel: [    0.302381] pci 0000:00:16.1:   bridge window [mem 0xe7600000-0xe76fffff 64bit pref]
Aug 19 00:33:53 liar-virtual-machine kernel: [    0.304564] pci 0000:00:16.2: PCI bridge to [bus 0d]
Aug 19 00:33:53 liar-virtual-machine kernel: [    0.304578] pci 0000:00:16.2:   bridge window [io  0xc000-0xcfff]
Aug 19 00:33:53 liar-virtual-machine kernel: [    0.304592] pci 0000:00:16.2:   bridge window [mem 0xfcb00000-0xfcbfffff]
Aug 19 00:33:53 liar-virtual-machine kernel: [    0.304618] pci 0000:00:16.2:   bridge window [mem 0xe7200000-0xe72fffff 64bit pref]
Aug 19 00:33:53 liar-virtual-machine kernel: [    0.306802] pci 0000:00:16.3: PCI bridge to [bus 0e]
Aug 19 00:33:53 liar-virtual-machine kernel: [    0.306828] pci 0000:00:16.3:   bridge window [mem 0xfc700000-0xfc7fffff]
Aug 19 00:33:53 liar-virtual-machine kernel: [    0.306855] pci 0000:00:16.3:   bridge window [mem 0xe6e00000-0xe6efffff 64bit pref]
Aug 19 00:33:53 liar-virtual-machine kernel: [    0.309032] pci 0000:00:16.4: PCI bridge to [bus 0f]
Aug 19 00:33:53 liar-virtual-machine kernel: [    0.309059] pci 0000:00:16.4:   bridge window [mem 0xfc300000-0xfc3fffff]
Aug 19 00:33:53 liar-virtual-machine kernel: [    0.309085] pci 0000:00:16.4:   bridge window [mem 0xe6a00000-0xe6afffff 64bit pref]
Aug 19 00:33:53 liar-virtual-machine kernel: [    0.311290] pci 0000:00:16.5: PCI bridge to [bus 10]
Aug 19 00:33:53 liar-virtual-machine kernel: [    0.311317] pci 0000:00:16.5:   bridge window [mem 0xfbf00000-0xfbffffff]
Aug 19 00:33:53 liar-virtual-machine kernel: [    0.311344] pci 0000:00:16.5:   bridge window [mem 0xe6600000-0xe66fffff 64bit pref]
Aug 19 00:33:53 liar-virtual-machine kernel: [    0.313526] pci 0000:00:16.6: PCI bridge to [bus 11]
Aug 19 00:33:53 liar-virtual-machine kernel: [    0.313553] pci 0000:00:16.6:   bridge window [mem 0xfbb00000-0xfbbfffff]
Aug 19 00:33:53 liar-virtual-machine kernel: [    0.313579] pci 0000:00:16.6:   bridge window [mem 0xe6200000-0xe62fffff 64bit pref]
Aug 19 00:33:53 liar-virtual-machine kernel: [    0.315766] pci 0000:00:16.7: PCI bridge to [bus 12]
Aug 19 00:33:53 liar-virtual-machine kernel: [    0.315793] pci 0000:00:16.7:   bridge window [mem 0xfb700000-0xfb7fffff]
Aug 19 00:33:53 liar-virtual-machine kernel: [    0.315820] pci 0000:00:16.7:   bridge window [mem 0xe5e00000-0xe5efffff 64bit pref]
Aug 19 00:33:53 liar-virtual-machine kernel: [    0.318275] pci 0000:00:17.0: PCI bridge to [bus 13]
Aug 19 00:33:53 liar-virtual-machine kernel: [    0.318289] pci 0000:00:17.0:   bridge window [io  0x5000-0x5fff]
Aug 19 00:33:53 liar-virtual-machine kernel: [    0.318303] pci 0000:00:17.0:   bridge window [mem 0xfd200000-0xfd2fffff]
Aug 19 00:33:53 liar-virtual-machine kernel: [    0.318330] pci 0000:00:17.0:   bridge window [mem 0xe7900000-0xe79fffff 64bit pref]
Aug 19 00:33:53 liar-virtual-machine kernel: [    0.320485] pci 0000:00:17.1: PCI bridge to [bus 14]
Aug 19 00:33:53 liar-virtual-machine kernel: [    0.320499] pci 0000:00:17.1:   bridge window [io  0x9000-0x9fff]
Aug 19 00:33:53 liar-virtual-machine kernel: [    0.320513] pci 0000:00:17.1:   bridge window [mem 0xfce00000-0xfcefffff]
Aug 19 00:33:53 liar-virtual-machine kernel: [    0.320539] pci 0000:00:17.1:   bridge window [mem 0xe7500000-0xe75fffff 64bit pref]
Aug 19 00:33:53 liar-virtual-machine kernel: [    0.322767] pci 0000:00:17.2: PCI bridge to [bus 15]
Aug 19 00:33:53 liar-virtual-machine kernel: [    0.322782] pci 0000:00:17.2:   bridge window [io  0xd000-0xdfff]
Aug 19 00:33:53 liar-virtual-machine kernel: [    0.322797] pci 0000:00:17.2:   bridge window [mem 0xfca00000-0xfcafffff]
Aug 19 00:33:53 liar-virtual-machine kernel: [    0.322823] pci 0000:00:17.2:   bridge window [mem 0xe7100000-0xe71fffff 64bit pref]
Aug 19 00:33:53 liar-virtual-machine kernel: [    0.324983] pci 0000:00:17.3: PCI bridge to [bus 16]
Aug 19 00:33:53 liar-virtual-machine kernel: [    0.325010] pci 0000:00:17.3:   bridge window [mem 0xfc600000-0xfc6fffff]
Aug 19 00:33:53 liar-virtual-machine kernel: [    0.325037] pci 0000:00:17.3:   bridge window [mem 0xe6d00000-0xe6dfffff 64bit pref]
Aug 19 00:33:53 liar-virtual-machine kernel: [    0.327198] pci 0000:00:17.4: PCI bridge to [bus 17]
Aug 19 00:33:53 liar-virtual-machine kernel: [    0.327238] pci 0000:00:17.4:   bridge window [mem 0xfc200000-0xfc2fffff]
Aug 19 00:33:53 liar-virtual-machine kernel: [    0.327265] pci 0000:00:17.4:   bridge window [mem 0xe6900000-0xe69fffff 64bit pref]
Aug 19 00:33:53 liar-virtual-machine kernel: [    0.329442] pci 0000:00:17.5: PCI bridge to [bus 18]
Aug 19 00:33:53 liar-virtual-machine kernel: [    0.329469] pci 0000:00:17.5:   bridge window [mem 0xfbe00000-0xfbefffff]
Aug 19 00:33:53 liar-virtual-machine kernel: [    0.329495] pci 0000:00:17.5:   bridge window [mem 0xe6500000-0xe65fffff 64bit pref]
Aug 19 00:33:53 liar-virtual-machine kernel: [    0.331665] pci 0000:00:17.6: PCI bridge to [bus 19]
Aug 19 00:33:53 liar-virtual-machine kernel: [    0.331692] pci 0000:00:17.6:   bridge window [mem 0xfba00000-0xfbafffff]
Aug 19 00:33:53 liar-virtual-machine kernel: [    0.331718] pci 0000:00:17.6:   bridge window [mem 0xe6100000-0xe61fffff 64bit pref]
Aug 19 00:33:53 liar-virtual-machine kernel: [    0.333896] pci 0000:00:17.7: PCI bridge to [bus 1a]
Aug 19 00:33:53 liar-virtual-machine kernel: [    0.333923] pci 0000:00:17.7:   bridge window [mem 0xfb600000-0xfb6fffff]
Aug 19 00:33:53 liar-virtual-machine kernel: [    0.333949] pci 0000:00:17.7:   bridge window [mem 0xe5d00000-0xe5dfffff 64bit pref]
Aug 19 00:33:53 liar-virtual-machine kernel: [    0.336123] pci 0000:00:18.0: PCI bridge to [bus 1b]
Aug 19 00:33:53 liar-virtual-machine kernel: [    0.336137] pci 0000:00:18.0:   bridge window [io  0x6000-0x6fff]
Aug 19 00:33:53 liar-virtual-machine kernel: [    0.336150] pci 0000:00:18.0:   bridge window [mem 0xfd100000-0xfd1fffff]
Aug 19 00:33:53 liar-virtual-machine kernel: [    0.336177] pci 0000:00:18.0:   bridge window [mem 0xe7800000-0xe78fffff 64bit pref]
Aug 19 00:33:53 liar-virtual-machine kernel: [    0.338356] pci 0000:00:18.1: PCI bridge to [bus 1c]
Aug 19 00:33:53 liar-virtual-machine kernel: [    0.338370] pci 0000:00:18.1:   bridge window [io  0xa000-0xafff]
Aug 19 00:33:53 liar-virtual-machine kernel: [    0.338384] pci 0000:00:18.1:   bridge window [mem 0xfcd00000-0xfcdfffff]
Aug 19 00:33:53 liar-virtual-machine kernel: [    0.338410] pci 0000:00:18.1:   bridge window [mem 0xe7400000-0xe74fffff 64bit pref]
Aug 19 00:33:53 liar-virtual-machine kernel: [    0.340594] pci 0000:00:18.2: PCI bridge to [bus 1d]
Aug 19 00:33:53 liar-virtual-machine kernel: [    0.340609] pci 0000:00:18.2:   bridge window [io  0xe000-0xefff]
Aug 19 00:33:53 liar-virtual-machine kernel: [    0.340622] pci 0000:00:18.2:   bridge window [mem 0xfc900000-0xfc9fffff]
Aug 19 00:33:53 liar-virtual-machine kernel: [    0.340649] pci 0000:00:18.2:   bridge window [mem 0xe7000000-0xe70fffff 64bit pref]
Aug 19 00:33:53 liar-virtual-machine kernel: [    0.342845] pci 0000:00:18.3: PCI bridge to [bus 1e]
Aug 19 00:33:53 liar-virtual-machine kernel: [    0.342871] pci 0000:00:18.3:   bridge window [mem 0xfc500000-0xfc5fffff]
Aug 19 00:33:53 liar-virtual-machine kernel: [    0.342898] pci 0000:00:18.3:   bridge window [mem 0xe6c00000-0xe6cfffff 64bit pref]
Aug 19 00:33:53 liar-virtual-machine kernel: [    0.345225] pci 0000:00:18.4: PCI bridge to [bus 1f]
Aug 19 00:33:53 liar-virtual-machine kernel: [    0.345252] pci 0000:00:18.4:   bridge window [mem 0xfc100000-0xfc1fffff]
Aug 19 00:33:53 liar-virtual-machine kernel: [    0.345279] pci 0000:00:18.4:   bridge window [mem 0xe6800000-0xe68fffff 64bit pref]
Aug 19 00:33:53 liar-virtual-machine kernel: [    0.347311] pci 0000:00:18.5: PCI bridge to [bus 20]
Aug 19 00:33:53 liar-virtual-machine kernel: [    0.347338] pci 0000:00:18.5:   bridge window [mem 0xfbd00000-0xfbdfffff]
Aug 19 00:33:53 liar-virtual-machine kernel: [    0.347365] pci 0000:00:18.5:   bridge window [mem 0xe6400000-0xe64fffff 64bit pref]
Aug 19 00:33:53 liar-virtual-machine kernel: [    0.349523] pci 0000:00:18.6: PCI bridge to [bus 21]
Aug 19 00:33:53 liar-virtual-machine kernel: [    0.349549] pci 0000:00:18.6:   bridge window [mem 0xfb900000-0xfb9fffff]
Aug 19 00:33:53 liar-virtual-machine kernel: [    0.349576] pci 0000:00:18.6:   bridge window [mem 0xe6000000-0xe60fffff 64bit pref]
Aug 19 00:33:53 liar-virtual-machine kernel: [    0.351755] pci 0000:00:18.7: PCI bridge to [bus 22]
Aug 19 00:33:53 liar-virtual-machine kernel: [    0.351782] pci 0000:00:18.7:   bridge window [mem 0xfb500000-0xfb5fffff]
Aug 19 00:33:53 liar-virtual-machine kernel: [    0.351808] pci 0000:00:18.7:   bridge window [mem 0xe5c00000-0xe5cfffff 64bit pref]
Aug 19 00:33:53 liar-virtual-machine kernel: [    0.353455] ACPI: PCI Interrupt Link [LNKA] (IRQs 3 4 5 6 7 *9 10 11 14 15)
Aug 19 00:33:53 liar-virtual-machine kernel: [    0.353515] ACPI: PCI Interrupt Link [LNKB] (IRQs 3 4 5 6 7 9 10 *11 14 15)
Aug 19 00:33:53 liar-virtual-machine kernel: [    0.353571] ACPI: PCI Interrupt Link [LNKC] (IRQs 3 4 5 6 7 9 *10 11 14 15)
Aug 19 00:33:53 liar-virtual-machine kernel: [    0.353626] ACPI: PCI Interrupt Link [LNKD] (IRQs 3 4 5 6 *7 9 10 11 14 15)
Aug 19 00:33:53 liar-virtual-machine kernel: [    0.377097] iommu: Default domain type: Translated 
Aug 19 00:33:53 liar-virtual-machine kernel: [    0.377097] SCSI subsystem initialized
Aug 19 00:33:53 liar-virtual-machine kernel: [    0.377097] libata version 3.00 loaded.
Aug 19 00:33:53 liar-virtual-machine kernel: [    0.377097] pci 0000:00:0f.0: vgaarb: setting as boot VGA device
Aug 19 00:33:53 liar-virtual-machine kernel: [    0.377097] pci 0000:00:0f.0: vgaarb: VGA device added: decodes=io+mem,owns=io+mem,locks=none
Aug 19 00:33:53 liar-virtual-machine kernel: [    0.377097] pci 0000:00:0f.0: vgaarb: bridge control possible
Aug 19 00:33:53 liar-virtual-machine kernel: [    0.377097] vgaarb: loaded
Aug 19 00:33:53 liar-virtual-machine kernel: [    0.377097] ACPI: bus type USB registered
Aug 19 00:33:53 liar-virtual-machine kernel: [    0.377097] usbcore: registered new interface driver usbfs
Aug 19 00:33:53 liar-virtual-machine kernel: [    0.377097] usbcore: registered new interface driver hub
Aug 19 00:33:53 liar-virtual-machine kernel: [    0.377097] usbcore: registered new device driver usb
Aug 19 00:33:53 liar-virtual-machine kernel: [    0.377097] pps_core: LinuxPPS API ver. 1 registered
Aug 19 00:33:53 liar-virtual-machine kernel: [    0.377097] pps_core: Software ver. 5.3.6 - Copyright 2005-2007 Rodolfo Giometti <giometti@linux.it>
Aug 19 00:33:53 liar-virtual-machine kernel: [    0.377097] PTP clock support registered
Aug 19 00:33:53 liar-virtual-machine kernel: [    0.377097] EDAC MC: Ver: 3.0.0
Aug 19 00:33:53 liar-virtual-machine kernel: [    0.377097] NetLabel: Initializing
Aug 19 00:33:53 liar-virtual-machine kernel: [    0.377097] NetLabel:  domain hash size = 128
Aug 19 00:33:53 liar-virtual-machine kernel: [    0.377097] NetLabel:  protocols = UNLABELED CIPSOv4 CALIPSO
Aug 19 00:33:53 liar-virtual-machine kernel: [    0.377097] NetLabel:  unlabeled traffic allowed by default
Aug 19 00:33:53 liar-virtual-machine kernel: [    0.377097] PCI: Using ACPI for IRQ routing
Aug 19 00:33:53 liar-virtual-machine kernel: [    0.388731] PCI: pci_cache_line_size set to 64 bytes
Aug 19 00:33:53 liar-virtual-machine kernel: [    0.389350] e820: reserve RAM buffer [mem 0x0009e800-0x0009ffff]
Aug 19 00:33:53 liar-virtual-machine kernel: [    0.389352] e820: reserve RAM buffer [mem 0xbfed0000-0xbfffffff]
Aug 19 00:33:53 liar-virtual-machine kernel: [    0.389361] hpet0: at MMIO 0xfed00000, IRQs 2, 8, 0, 0, 0, 0, 0, 0, 0, 0, 0, 0, 0, 0, 0, 0
Aug 19 00:33:53 liar-virtual-machine kernel: [    0.389361] hpet0: 16 comparators, 64-bit 14.318180 MHz counter
Aug 19 00:33:53 liar-virtual-machine kernel: [    0.391293] clocksource: Switched to clocksource tsc-early
Aug 19 00:33:53 liar-virtual-machine kernel: [    0.400973] VFS: Disk quotas dquot_6.6.0
Aug 19 00:33:53 liar-virtual-machine kernel: [    0.400994] VFS: Dquot-cache hash table entries: 512 (order 0, 4096 bytes)
Aug 19 00:33:53 liar-virtual-machine kernel: [    0.401087] AppArmor: AppArmor Filesystem Enabled
Aug 19 00:33:53 liar-virtual-machine kernel: [    0.401099] pnp: PnP ACPI init
Aug 19 00:33:53 liar-virtual-machine kernel: [    0.401205] system 00:00: [io  0x1000-0x103f] has been reserved
Aug 19 00:33:53 liar-virtual-machine kernel: [    0.401207] system 00:00: [io  0x1040-0x104f] has been reserved
Aug 19 00:33:53 liar-virtual-machine kernel: [    0.401208] system 00:00: [io  0x0cf0-0x0cf1] has been reserved
Aug 19 00:33:53 liar-virtual-machine kernel: [    0.401210] system 00:00: Plug and Play ACPI device, IDs PNP0c02 (active)
Aug 19 00:33:53 liar-virtual-machine kernel: [    0.401228] pnp 00:01: Plug and Play ACPI device, IDs PNP0b00 (active)
Aug 19 00:33:53 liar-virtual-machine kernel: [    0.401237] pnp 00:02: Plug and Play ACPI device, IDs PNP0303 (active)
Aug 19 00:33:53 liar-virtual-machine kernel: [    0.401247] pnp 00:03: Plug and Play ACPI device, IDs VMW0003 PNP0f13 (active)
Aug 19 00:33:53 liar-virtual-machine kernel: [    0.401373] system 00:04: [mem 0xfed00000-0xfed003ff] has been reserved
Aug 19 00:33:53 liar-virtual-machine kernel: [    0.401376] system 00:04: Plug and Play ACPI device, IDs PNP0103 PNP0c01 (active)
Aug 19 00:33:53 liar-virtual-machine kernel: [    0.402443] pnp 00:05: Plug and Play ACPI device, IDs PNP0501 (active)
Aug 19 00:33:53 liar-virtual-machine kernel: [    0.402715] system 00:06: [io  0xfce0-0xfcff] has been reserved
Aug 19 00:33:53 liar-virtual-machine kernel: [    0.402716] system 00:06: [mem 0xf0000000-0xf7ffffff] has been reserved
Aug 19 00:33:53 liar-virtual-machine kernel: [    0.402718] system 00:06: [mem 0xfe800000-0xfe9fffff] has been reserved
Aug 19 00:33:53 liar-virtual-machine kernel: [    0.402720] system 00:06: Plug and Play ACPI device, IDs PNP0c02 (active)
Aug 19 00:33:53 liar-virtual-machine kernel: [    0.420390] pnp: PnP ACPI: found 7 devices
Aug 19 00:33:53 liar-virtual-machine kernel: [    0.427760] clocksource: acpi_pm: mask: 0xffffff max_cycles: 0xffffff, max_idle_ns: 2085701024 ns
Aug 19 00:33:53 liar-virtual-machine kernel: [    0.427860] NET: Registered protocol family 2
Aug 19 00:33:53 liar-virtual-machine kernel: [    0.427981] IP idents hash table entries: 65536 (order: 7, 524288 bytes, linear)
Aug 19 00:33:53 liar-virtual-machine kernel: [    0.429319] tcp_listen_portaddr_hash hash table entries: 2048 (order: 3, 32768 bytes, linear)
Aug 19 00:33:53 liar-virtual-machine kernel: [    0.429384] TCP established hash table entries: 32768 (order: 6, 262144 bytes, linear)
Aug 19 00:33:53 liar-virtual-machine kernel: [    0.429526] TCP bind hash table entries: 32768 (order: 7, 524288 bytes, linear)
Aug 19 00:33:53 liar-virtual-machine kernel: [    0.429553] TCP: Hash tables configured (established 32768 bind 32768)
Aug 19 00:33:53 liar-virtual-machine kernel: [    0.429750] MPTCP token hash table entries: 4096 (order: 4, 98304 bytes, linear)
Aug 19 00:33:53 liar-virtual-machine kernel: [    0.429776] UDP hash table entries: 2048 (order: 4, 65536 bytes, linear)
Aug 19 00:33:53 liar-virtual-machine kernel: [    0.429805] UDP-Lite hash table entries: 2048 (order: 4, 65536 bytes, linear)
Aug 19 00:33:53 liar-virtual-machine kernel: [    0.429979] NET: Registered protocol family 1
Aug 19 00:33:53 liar-virtual-machine kernel: [    0.429982] NET: Registered protocol family 44
Aug 19 00:33:53 liar-virtual-machine kernel: [    0.429991] pci 0000:00:15.0: bridge window [io  0x1000-0x0fff] to [bus 03] add_size 1000
Aug 19 00:33:53 liar-virtual-machine kernel: [    0.429993] pci 0000:00:15.0: bridge window [mem 0x00100000-0x000fffff 64bit pref] to [bus 03] add_size 200000 add_align 100000
Aug 19 00:33:53 liar-virtual-machine kernel: [    0.429995] pci 0000:00:15.3: bridge window [io  0x1000-0x0fff] to [bus 06] add_size 1000
Aug 19 00:33:53 liar-virtual-machine kernel: [    0.429996] pci 0000:00:15.4: bridge window [io  0x1000-0x0fff] to [bus 07] add_size 1000
Aug 19 00:33:53 liar-virtual-machine kernel: [    0.429997] pci 0000:00:15.5: bridge window [io  0x1000-0x0fff] to [bus 08] add_size 1000
Aug 19 00:33:53 liar-virtual-machine kernel: [    0.429998] pci 0000:00:15.6: bridge window [io  0x1000-0x0fff] to [bus 09] add_size 1000
Aug 19 00:33:53 liar-virtual-machine kernel: [    0.429999] pci 0000:00:15.7: bridge window [io  0x1000-0x0fff] to [bus 0a] add_size 1000
Aug 19 00:33:53 liar-virtual-machine kernel: [    0.430000] pci 0000:00:16.3: bridge window [io  0x1000-0x0fff] to [bus 0e] add_size 1000
Aug 19 00:33:53 liar-virtual-machine kernel: [    0.430001] pci 0000:00:16.4: bridge window [io  0x1000-0x0fff] to [bus 0f] add_size 1000
Aug 19 00:33:53 liar-virtual-machine kernel: [    0.430002] pci 0000:00:16.5: bridge window [io  0x1000-0x0fff] to [bus 10] add_size 1000
Aug 19 00:33:53 liar-virtual-machine kernel: [    0.430003] pci 0000:00:16.6: bridge window [io  0x1000-0x0fff] to [bus 11] add_size 1000
Aug 19 00:33:53 liar-virtual-machine kernel: [    0.430004] pci 0000:00:16.7: bridge window [io  0x1000-0x0fff] to [bus 12] add_size 1000
Aug 19 00:33:53 liar-virtual-machine kernel: [    0.430005] pci 0000:00:17.3: bridge window [io  0x1000-0x0fff] to [bus 16] add_size 1000
Aug 19 00:33:53 liar-virtual-machine kernel: [    0.430006] pci 0000:00:17.4: bridge window [io  0x1000-0x0fff] to [bus 17] add_size 1000
Aug 19 00:33:53 liar-virtual-machine kernel: [    0.430007] pci 0000:00:17.5: bridge window [io  0x1000-0x0fff] to [bus 18] add_size 1000
Aug 19 00:33:53 liar-virtual-machine kernel: [    0.430008] pci 0000:00:17.6: bridge window [io  0x1000-0x0fff] to [bus 19] add_size 1000
Aug 19 00:33:53 liar-virtual-machine kernel: [    0.430009] pci 0000:00:17.7: bridge window [io  0x1000-0x0fff] to [bus 1a] add_size 1000
Aug 19 00:33:53 liar-virtual-machine kernel: [    0.430010] pci 0000:00:18.3: bridge window [io  0x1000-0x0fff] to [bus 1e] add_size 1000
Aug 19 00:33:53 liar-virtual-machine kernel: [    0.430011] pci 0000:00:18.4: bridge window [io  0x1000-0x0fff] to [bus 1f] add_size 1000
Aug 19 00:33:53 liar-virtual-machine kernel: [    0.430012] pci 0000:00:18.5: bridge window [io  0x1000-0x0fff] to [bus 20] add_size 1000
Aug 19 00:33:53 liar-virtual-machine kernel: [    0.430012] pci 0000:00:18.6: bridge window [io  0x1000-0x0fff] to [bus 21] add_size 1000
Aug 19 00:33:53 liar-virtual-machine kernel: [    0.430013] pci 0000:00:18.7: bridge window [io  0x1000-0x0fff] to [bus 22] add_size 1000
Aug 19 00:33:53 liar-virtual-machine kernel: [    0.430024] pci 0000:00:15.0: BAR 15: assigned [mem 0xc0000000-0xc01fffff 64bit pref]
Aug 19 00:33:53 liar-virtual-machine kernel: [    0.430025] pci 0000:00:0f.0: BAR 6: assigned [mem 0xc0200000-0xc0207fff pref]
Aug 19 00:33:53 liar-virtual-machine kernel: [    0.430027] pci 0000:00:10.0: BAR 6: assigned [mem 0xc0208000-0xc020bfff pref]
Aug 19 00:33:53 liar-virtual-machine kernel: [    0.430028] pci 0000:00:15.0: BAR 13: no space for [io  size 0x1000]
Aug 19 00:33:53 liar-virtual-machine kernel: [    0.430029] pci 0000:00:15.0: BAR 13: failed to assign [io  size 0x1000]
Aug 19 00:33:53 liar-virtual-machine kernel: [    0.430031] pci 0000:00:15.3: BAR 13: no space for [io  size 0x1000]
Aug 19 00:33:53 liar-virtual-machine kernel: [    0.430031] pci 0000:00:15.3: BAR 13: failed to assign [io  size 0x1000]
Aug 19 00:33:53 liar-virtual-machine kernel: [    0.430033] pci 0000:00:15.4: BAR 13: no space for [io  size 0x1000]
